Component: ARM Compiler 5.06 update 4 (build 422) Tool: armlink [4d35d2]

==============================================================================

Section Cross References

    main.o(i.main) refers to task.o(i.InitTask) for InitTask
    main.o(i.main) refers to task.o(i.GetVoiceMsg) for GetVoiceMsg
    main.o(i.main) refers to task.o(i.SoundTask) for SoundTask
    main.o(i.main) refers to xfs5152.o(i.XFS_isBusy) for XFS_isBusy
    main.o(i.main) refers to task.o(i.Get_ImageMsg) for Get_ImageMsg
    main.o(i.main) refers to task.o(i.VoiceTask) for VoiceTask
    main.o(i.main) refers to task.o(i.GpsTask) for GpsTask
    main.o(i.main) refers to task.o(i.ChargeTask) for ChargeTask
    main.o(i.main) refers to wt931.o(.bss) for wt931_msg
    stm32f7xx_it.o(i.SysTick_Handler) refers to stm32f7xx_hal.o(i.HAL_IncTick) for HAL_IncTick
    system_stm32f7xx.o(i.SystemCoreClockUpdate) refers to system_stm32f7xx.o(.data) for SystemCoreClock
    system_stm32f7xx.o(i.SystemCoreClockUpdate) refers to system_stm32f7xx.o(.constdata) for AHBPrescTable
    startup_stm32f767xx.o(STACK) refers (Special) to heapauxi.o(.text) for __use_two_region_memory
    startup_stm32f767xx.o(HEAP) refers (Special) to heapauxi.o(.text) for __use_two_region_memory
    startup_stm32f767xx.o(RESET) refers (Special) to heapauxi.o(.text) for __use_two_region_memory
    startup_stm32f767xx.o(RESET) refers to startup_stm32f767xx.o(STACK) for __initial_sp
    startup_stm32f767xx.o(RESET) refers to startup_stm32f767xx.o(.text) for Reset_Handler
    startup_stm32f767xx.o(RESET) refers to stm32f7xx_it.o(i.NMI_Handler) for NMI_Handler
    startup_stm32f767xx.o(RESET) refers to stm32f7xx_it.o(i.HardFault_Handler) for HardFault_Handler
    startup_stm32f767xx.o(RESET) refers to stm32f7xx_it.o(i.MemManage_Handler) for MemManage_Handler
    startup_stm32f767xx.o(RESET) refers to stm32f7xx_it.o(i.BusFault_Handler) for BusFault_Handler
    startup_stm32f767xx.o(RESET) refers to stm32f7xx_it.o(i.UsageFault_Handler) for UsageFault_Handler
    startup_stm32f767xx.o(RESET) refers to stm32f7xx_it.o(i.SVC_Handler) for SVC_Handler
    startup_stm32f767xx.o(RESET) refers to stm32f7xx_it.o(i.DebugMon_Handler) for DebugMon_Handler
    startup_stm32f767xx.o(RESET) refers to stm32f7xx_it.o(i.PendSV_Handler) for PendSV_Handler
    startup_stm32f767xx.o(RESET) refers to stm32f7xx_it.o(i.SysTick_Handler) for SysTick_Handler
    startup_stm32f767xx.o(RESET) refers to exti.o(i.EXTI0_IRQHandler) for EXTI0_IRQHandler
    startup_stm32f767xx.o(RESET) refers to exti.o(i.EXTI2_IRQHandler) for EXTI2_IRQHandler
    startup_stm32f767xx.o(RESET) refers to exti.o(i.EXTI3_IRQHandler) for EXTI3_IRQHandler
    startup_stm32f767xx.o(RESET) refers to usart.o(i.USART1_IRQHandler) for USART1_IRQHandler
    startup_stm32f767xx.o(RESET) refers to usart.o(i.USART3_IRQHandler) for USART3_IRQHandler
    startup_stm32f767xx.o(RESET) refers to exti.o(i.EXTI15_10_IRQHandler) for EXTI15_10_IRQHandler
    startup_stm32f767xx.o(RESET) refers to usart.o(i.UART4_IRQHandler) for UART4_IRQHandler
    startup_stm32f767xx.o(RESET) refers to usart.o(i.UART5_IRQHandler) for UART5_IRQHandler
    startup_stm32f767xx.o(RESET) refers to timer.o(i.TIM7_IRQHandler) for TIM7_IRQHandler
    startup_stm32f767xx.o(.text) refers (Special) to heapauxi.o(.text) for __use_two_region_memory
    startup_stm32f767xx.o(.text) refers to system_stm32f7xx.o(i.SystemInit) for SystemInit
    startup_stm32f767xx.o(.text) refers to __main.o(!!!main) for __main
    startup_stm32f767xx.o(.text) refers to startup_stm32f767xx.o(HEAP) for Heap_Mem
    startup_stm32f767xx.o(.text) refers to startup_stm32f767xx.o(STACK) for Stack_Mem
    stm32f7xx_hal.o(i.HAL_DeInit) refers to stm32f7xx_hal.o(i.HAL_MspDeInit) for HAL_MspDeInit
    stm32f7xx_hal.o(i.HAL_Delay) refers to stm32f7xx_hal.o(i.HAL_GetTick) for HAL_GetTick
    stm32f7xx_hal.o(i.HAL_GetTick) refers to stm32f7xx_hal.o(.data) for uwTick
    stm32f7xx_hal.o(i.HAL_IncTick) refers to stm32f7xx_hal.o(.data) for uwTick
    stm32f7xx_hal.o(i.HAL_Init) refers to stm32f7xx_hal_cortex.o(i.HAL_NVIC_SetPriorityGrouping) for HAL_NVIC_SetPriorityGrouping
    stm32f7xx_hal.o(i.HAL_Init) refers to stm32f7xx_hal.o(i.HAL_InitTick) for HAL_InitTick
    stm32f7xx_hal.o(i.HAL_Init) refers to stm32f7xx_hal.o(i.HAL_MspInit) for HAL_MspInit
    stm32f7xx_hal.o(i.HAL_InitTick) refers to stm32f7xx_hal_cortex.o(i.HAL_SYSTICK_Config) for HAL_SYSTICK_Config
    stm32f7xx_hal.o(i.HAL_InitTick) refers to stm32f7xx_hal_cortex.o(i.HAL_NVIC_SetPriority) for HAL_NVIC_SetPriority
    stm32f7xx_hal.o(i.HAL_InitTick) refers to system_stm32f7xx.o(.data) for SystemCoreClock
    stm32f7xx_hal_cortex.o(i.HAL_NVIC_GetPriorityGrouping) refers to stm32f7xx_hal_cortex.o(i.NVIC_GetPriorityGrouping) for NVIC_GetPriorityGrouping
    stm32f7xx_hal_cortex.o(i.HAL_NVIC_SetPriority) refers to stm32f7xx_hal_cortex.o(i.NVIC_GetPriorityGrouping) for NVIC_GetPriorityGrouping
[...]
    __cpp_initialize__aeabi_                  - Undefined Weak Reference
    __cxa_finalize                            - Undefined Weak Reference
    __sigvec_lookup                           - Undefined Weak Reference
    _atexit_init                              - Undefined Weak Reference
    _call_atexit_fns                          - Undefined Weak Reference
    _clock_init                               - Undefined Weak Reference
    _fp_trap_init                             - Undefined Weak Reference
    _fp_trap_shutdown                         - Undefined Weak Reference
    _get_lc_collate                           - Undefined Weak Reference
    _get_lc_monetary                          - Undefined Weak Reference
    _get_lc_time                              - Undefined Weak Reference
    _getenv_init                              - Undefined Weak Reference
    _handle_redirection                       - Undefined Weak Reference
    _init_alloc                               - Undefined Weak Reference
    _init_user_alloc                          - Undefined Weak Reference
    _initio                                   - Undefined Weak Reference
    _mutex_acquire                            - Undefined Weak Reference
    _mutex_release                            - Undefined Weak Reference
    _printf_mbtowc                            - Undefined Weak Reference
    _printf_wc                                - Undefined Weak Reference
    _rand_init                                - Undefined Weak Reference
    _signal_finish                            - Undefined Weak Reference
    _signal_init                              - Undefined Weak Reference
    _terminate_alloc                          - Undefined Weak Reference
    _terminate_user_alloc                     - Undefined Weak Reference
    _terminateio                              - Undefined Weak Reference
    __Vectors_Size                           0x000001f8   Number         0  startup_stm32f767xx.o ABSOLUTE
    __Vectors                                0x08000000   Data           4  startup_stm32f767xx.o(RESET)
    __Vectors_End                            0x080001f8   Data           0  startup_stm32f767xx.o(RESET)
    __main                                   0x080001f9   Thumb Code     8  __main.o(!!!main)
    __scatterload                            0x08000201   Thumb Code     0  __scatter.o(!!!scatter)
    __scatterload_rt2                        0x08000201   Thumb Code    44  __scatter.o(!!!scatter)
    __scatterload_rt2_thumb_only             0x08000201   Thumb Code     0  __scatter.o(!!!scatter)
    __scatterload_null                       0x0800020f   Thumb Code     0  __scatter.o(!!!scatter)
    __decompress                             0x08000235   Thumb Code   100  __dclz77c.o(!!dclz77c)
    __decompress2                            0x08000235   Thumb Code     0  __dclz77c.o(!!dclz77c)
    __scatterload_zeroinit                   0x08000299   Thumb Code    28  __scatter_zi.o(!!handler_zi)
    _printf_n                                0x080002b5   Thumb Code     0  _printf_n.o(.ARM.Collect$$_printf_percent$$00000001)
    _printf_percent                          0x080002b5   Thumb Code     0  _printf_percent.o(.ARM.Collect$$_printf_percent$$00000000)
    _printf_p                                0x080002bb   Thumb Code     0  _printf_p.o(.ARM.Collect$$_printf_percent$$00000002)
    _printf_f                                0x080002c1   Thumb Code     0  _printf_f.o(.ARM.Collect$$_printf_percent$$00000003)
    _printf_e                                0x080002c7   Thumb Code     0  _printf_e.o(.ARM.Collect$$_printf_percent$$00000004)
    _printf_g                                0x080002cd   Thumb Code     0  _printf_g.o(.ARM.Collect$$_printf_percent$$00000005)
    _printf_a                                0x080002d3   Thumb Code     0  _printf_a.o(.ARM.Collect$$_printf_percent$$00000006)
    _printf_ll                               0x080002d9   Thumb Code     0  _printf_ll.o(.ARM.Collect$$_printf_percent$$00000007)
    _printf_i                                0x080002e3   Thumb Code     0  _printf_i.o(.ARM.Collect$$_printf_percent$$00000008)
    _printf_d                                0x080002e9   Thumb Code     0  _printf_d.o(.ARM.Collect$$_printf_percent$$00000009)
    _printf_u                                0x080002ef   Thumb Code     0  _printf_u.o(.ARM.Collect$$_printf_percent$$0000000A)
    _printf_o                                0x080002f5   Thumb Code     0  _printf_o.o(.ARM.Collect$$_printf_percent$$0000000B)
    _printf_x                                0x080002fb   Thumb Code     0  _printf_x.o(.ARM.Collect$$_printf_percent$$0000000C)
    _printf_lli                              0x08000301   Thumb Code     0  _printf_lli.o(.ARM.Collect$$_printf_percent$$0000000D)
    _printf_lld                              0x08000307   Thumb Code     0  _printf_lld.o(.ARM.Collect$$_printf_percent$$0000000E)
    _printf_llu                              0x0800030d   Thumb Code     0  _printf_llu.o(.ARM.Collect$$_printf_percent$$0000000F)
    _printf_llo                              0x08000313   Thumb Code     0  _printf_llo.o(.ARM.Collect$$_printf_percent$$00000010)
    _printf_llx                              0x08000319   Thumb Code     0  _printf_llx.o(.ARM.Collect$$_printf_percent$$00000011)
    _printf_l                                0x0800031f   Thumb Code     0  _printf_l.o(.ARM.Collect$$_printf_percent$$00000012)
    _printf_c                                0x08000329   Thumb Code     0  _printf_c.o(.ARM.Collect$$_printf_percent$$00000013)
    _printf_s                                0x0800032f   Thumb Code     0  _printf_s.o(.ARM.Collect$$_printf_percent$$00000014)
    _printf_lc                               0x08000335   Thumb Code     0  _printf_lc.o(.ARM.Collect$$_printf_percent$$00000015)
    _printf_ls                               0x0800033b   Thumb Code     0  _printf_ls.o(.ARM.Collect$$_printf_percent$$00000016)
    _printf_percent_end                      0x08000341   Thumb Code     0  _printf_percent_end.o(.ARM.Collect$$_printf_percent$$00000017)
    __rt_lib_init                            0x08000345   Thumb Code     0  libinit.o(.ARM.Collect$$libinit$$00000000)
    __rt_lib_init_fp_1                       0x08000347   Thumb Code     0  libinit2.o(.ARM.Collect$$libinit$$00000001)
    __rt_lib_init_heap_1                     0x0800034b   Thumb Code     0  libinit2.o(.ARM.Collect$$libinit$$0000000A)
    __rt_lib_init_lc_common                  0x0800034b   Thumb Code     0  libinit2.o(.ARM.Collect$$libinit$$0000000F)
    __rt_lib_init_preinit_1                  0x0800034b   Thumb Code     0  libinit2.o(.ARM.Collect$$libinit$$00000004)
    __rt_lib_init_rand_1                     0x0800034b   Thumb Code     0  libinit2.o(.ARM.Collect$$libinit$$0000000E)
    __rt_lib_init_user_alloc_1               0x0800034b   Thumb Code     0  libinit2.o(.ARM.Collect$$libinit$$0000000C)
    __rt_lib_init_lc_collate_1               0x08000351   Thumb Code     0  libinit2.o(.ARM.Collect$$libinit$$00000011)
    __rt_lib_init_lc_ctype_2                 0x08000351   Thumb Code     0  libinit2.o(.ARM.Collect$$libinit$$00000012)
    __rt_lib_init_lc_ctype_1                 0x0800035d   Thumb Code     0  libinit2.o(.ARM.Collect$$libinit$$00000013)
    __rt_lib_init_lc_monetary_1              0x0800035d   Thumb Code     0  libinit2.o(.ARM.Collect$$libinit$$00000015)
    __rt_lib_init_lc_numeric_2               0x0800035d   Thumb Code     0  libinit2.o(.ARM.Collect$$libinit$$00000016)
    __rt_lib_init_alloca_1                   0x08000367   Thumb Code     0  libinit2.o(.ARM.Collect$$libinit$$0000002E)
    __rt_lib_init_argv_1                     0x08000367   Thumb Code     0  libinit2.o(.ARM.Collect$$libinit$$0000002C)
    __rt_lib_init_atexit_1                   0x08000367   Thumb Code     0  libinit2.o(.ARM.Collect$$libinit$$0000001B)
    __rt_lib_init_clock_1                    0x08000367   Thumb Code     0  libinit2.o(.ARM.Collect$$libinit$$00000021)
    __rt_lib_init_cpp_1                      0x08000367   Thumb Code     0  libinit2.o(.ARM.Collect$$libinit$$00000032)
    __rt_lib_init_exceptions_1               0x08000367   Thumb Code     0  libinit2.o(.ARM.Collect$$libinit$$00000030)
    __rt_lib_init_fp_trap_1                  0x08000367   Thumb Code     0  libinit2.o(.ARM.Collect$$libinit$$0000001F)
    __rt_lib_init_getenv_1                   0x08000367   Thumb Code     0  libinit2.o(.ARM.Collect$$libinit$$00000023)
    __rt_lib_init_lc_numeric_1               0x08000367   Thumb Code     0  libinit2.o(.ARM.Collect$$libinit$$00000017)
    __rt_lib_init_lc_time_1                  0x08000367   Thumb Code     0  libinit2.o(.ARM.Collect$$libinit$$00000019)
    __rt_lib_init_return                     0x08000367   Thumb Code     0  libinit2.o(.ARM.Collect$$libinit$$00000033)
    __rt_lib_init_signal_1                   0x08000367   Thumb Code     0  libinit2.o(.ARM.Collect$$libinit$$0000001D)
    __rt_lib_init_stdio_1                    0x08000367   Thumb Code     0  libinit2.o(.ARM.Collect$$libinit$$00000025)
    __rt_lib_shutdown                        0x08000369   Thumb Code     0  libshutdown.o(.ARM.Collect$$libshutdown$$00000000)
    __rt_lib_shutdown_cpp_1                  0x0800036b   Thumb Code     0  libshutdown2.o(.ARM.Collect$$libshutdown$$00000002)
    __rt_lib_shutdown_fp_trap_1              0x0800036b   Thumb Code     0  libshutdown2.o(.ARM.Collect$$libshutdown$$00000007)
    __rt_lib_shutdown_heap_1                 0x0800036b   Thumb Code     0  libshutdown2.o(.ARM.Collect$$libshutdown$$0000000F)
    __rt_lib_shutdown_return                 0x0800036b   Thumb Code     0  libshutdown2.o(.ARM.Collect$$libshutdown$$00000010)
    __rt_lib_shutdown_signal_1               0x0800036b   Thumb Code     0  libshutdown2.o(.ARM.Collect$$libshutdown$$0000000A)
    __rt_lib_shutdown_stdio_1                0x0800036b   Thumb Code     0  libshutdown2.o(.ARM.Collect$$libshutdown$$00000004)
    __rt_lib_shutdown_user_alloc_1           0x0800036b   Thumb Code     0  libshutdown2.o(.ARM.Collect$$libshutdown$$0000000C)
    __rt_entry                               0x0800036d   Thumb Code     0  __rtentry.o(.ARM.Collect$$rtentry$$00000000)
    __rt_entry_presh_1                       0x0800036d   Thumb Code     0  __rtentry2.o(.ARM.Collect$$rtentry$$00000002)
    __rt_entry_sh                            0x0800036d   Thumb Code     0  __rtentry4.o(.ARM.Collect$$rtentry$$00000004)
    __rt_entry_li                            0x08000373   Thumb Code     0  __rtentry2.o(.ARM.Collect$$rtentry$$0000000A)
    __rt_entry_postsh_1                      0x08000373   Thumb Code     0  __rtentry2.o(.ARM.Collect$$rtentry$$00000009)
    __rt_entry_main                          0x08000377   Thumb Code     0  __rtentry2.o(.ARM.Collect$$rtentry$$0000000D)
    __rt_entry_postli_1                      0x08000377   Thumb Code     0  __rtentry2.o(.ARM.Collect$$rtentry$$0000000C)
    __rt_exit                                0x0800037f   Thumb Code     0  rtexit.o(.ARM.Collect$$rtexit$$00000000)
    __rt_exit_ls                             0x08000381   Thumb Code     0  rtexit2.o(.ARM.Collect$$rtexit$$00000003)
    __rt_exit_prels_1                        0x08000381   Thumb Code     0  rtexit2.o(.ARM.Collect$$rtexit$$00000002)
    __rt_exit_exit                           0x08000385   Thumb Code     0  rtexit2.o(.ARM.Collect$$rtexit$$00000004)
    Reset_Handler                            0x0800038d   Thumb Code     8  startup_stm32f767xx.o(.text)
    ADC_IRQHandler                           0x080003a7   Thumb Code     0  startup_stm32f767xx.o(.text)
    CAN1_RX0_IRQHandler                      0x080003a7   Thumb Code     0  startup_stm32f767xx.o(.text)
    CAN1_RX1_IRQHandler                      0x080003a7   Thumb Code     0  startup_stm32f767xx.o(.text)
    CAN1_SCE_IRQHandler                      0x080003a7   Thumb Code     0  startup_stm32f767xx.o(.text)
    CAN1_TX_IRQHandler                       0x080003a7   Thumb Code     0  startup_stm32f767xx.o(.text)
    CAN2_RX0_IRQHandler                      0x080003a7   Thumb Code     0  startup_stm32f767xx.o(.text)
    CAN2_RX1_IRQHandler                      0x080003a7   Thumb Code     0  startup_stm32f767xx.o(.text)
    CAN2_SCE_IRQHandler                      0x080003a7   Thumb Code     0  startup_stm32f767xx.o(.text)
    CAN2_TX_IRQHandler                       0x080003a7   Thumb Code     0  startup_stm32f767xx.o(.text)
    CAN3_RX0_IRQHandler                      0x080003a7   Thumb Code     0  startup_stm32f767xx.o(.text)
    CAN3_RX1_IRQHandler                      0x080003a7   Thumb Code     0  startup_stm32f767xx.o(.text)
    CAN3_SCE_IRQHandler                      0x080003a7   Thumb Code     0  startup_stm32f767xx.o(.text)
    CAN3_TX_IRQHandler                       0x080003a7   Thumb Code     0  startup_stm32f767xx.o(.text)
    CEC_IRQHandler                           0x080003a7   Thumb Code     0  startup_stm32f767xx.o(.text)
    DCMI_IRQHandler                          0x080003a7   Thumb Code     0  startup_stm32f767xx.o(.text)
    DFSDM1_FLT0_IRQHandler                   0x080003a7   Thumb Code     0  startup_stm32f767xx.o(.text)
    DFSDM1_FLT1_IRQHandler                   0x080003a7   Thumb Code     0  startup_stm32f767xx.o(.text)
    DFSDM1_FLT2_IRQHandler                   0x080003a7   Thumb Code     0  startup_stm32f767xx.o(.text)
    DFSDM1_FLT3_IRQHandler                   0x080003a7   Thumb Code     0  startup_stm32f767xx.o(.text)
    DMA1_Stream0_IRQHandler                  0x080003a7   Thumb Code     0  startup_stm32f767xx.o(.text)
    DMA1_Stream1_IRQHandler                  0x080003a7   Thumb Code     0  startup_stm32f767xx.o(.text)
    DMA1_Stream2_IRQHandler                  0x080003a7   Thumb Code     0  startup_stm32f767xx.o(.text)
    DMA1_Stream3_IRQHandler                  0x080003a7   Thumb Code     0  startup_stm32f767xx.o(.text)
    DMA1_Stream4_IRQHandler                  0x080003a7   Thumb Code     0  startup_stm32f767xx.o(.text)
    DMA1_Stream5_IRQHandler                  0x080003a7   Thumb Code     0  startup_stm32f767xx.o(.text)
    DMA1_Stream6_IRQHandler                  0x080003a7   Thumb Code     0  startup_stm32f767xx.o(.text)
    DMA1_Stream7_IRQHandler                  0x080003a7   Thumb Code     0  startup_stm32f767xx.o(.text)
    DMA2D_IRQHandler                         0x080003a7   Thumb Code     0  startup_stm32f767xx.o(.text)
    DMA2_Stream0_IRQHandler                  0x080003a7   Thumb Code     0  startup_stm32f767xx.o(.text)
    DMA2_Stream1_IRQHandler                  0x080003a7   Thumb Code     0  startup_stm32f767xx.o(.text)
    DMA2_Stream2_IRQHandler                  0x080003a7   Thumb Code     0  startup_stm32f767xx.o(.text)
    DMA2_Stream3_IRQHandler                  0x080003a7   Thumb Code     0  startup_stm32f767xx.o(.text)
    DMA2_Stream4_IRQHandler                  0x080003a7   Thumb Code     0  startup_stm32f767xx.o(.text)
    DMA2_Stream5_IRQHandler                  0x080003a7   Thumb Code     0  startup_stm32f767xx.o(.text)
    DMA2_Stream6_IRQHandler                  0x080003a7   Thumb Code     0  startup_stm32f767xx.o(.text)
    DMA2_Stream7_IRQHandler                  0x080003a7   Thumb Code     0  startup_stm32f767xx.o(.text)
    ETH_IRQHandler                           0x080003a7   Thumb Code     0  startup_stm32f767xx.o(.text)
    ETH_WKUP_IRQHandler                      0x080003a7   Thumb Code     0  startup_stm32f767xx.o(.text)
    EXTI1_IRQHandler                         0x080003a7   Thumb Code     0  startup_stm32f767xx.o(.text)
    EXTI4_IRQHandler                         0x080003a7   Thumb Code     0  startup_stm32f767xx.o(.text)
    EXTI9_5_IRQHandler                       0x080003a7   Thumb Code     0  startup_stm32f767xx.o(.text)
    FLASH_IRQHandler                         0x080003a7   Thumb Code     0  startup_stm32f767xx.o(.text)
    FMC_IRQHandler                           0x080003a7   Thumb Code     0  startup_stm32f767xx.o(.text)
    FPU_IRQHandler                           0x080003a7   Thumb Code     0  startup_stm32f767xx.o(.text)
    I2C1_ER_IRQHandler                       0x080003a7   Thumb Code     0  startup_stm32f767xx.o(.text)
    I2C1_EV_IRQHandler                       0x080003a7   Thumb Code     0  startup_stm32f767xx.o(.text)
    I2C2_ER_IRQHandler                       0x080003a7   Thumb Code     0  startup_stm32f767xx.o(.text)
    I2C2_EV_IRQHandler                       0x080003a7   Thumb Code     0  startup_stm32f767xx.o(.text)
    I2C3_ER_IRQHandler                       0x080003a7   Thumb Code     0  startup_stm32f767xx.o(.text)
    I2C3_EV_IRQHandler                       0x080003a7   Thumb Code     0  startup_stm32f767xx.o(.text)
    I2C4_ER_IRQHandler                       0x080003a7   Thumb Code     0  startup_stm32f767xx.o(.text)
    I2C4_EV_IRQHandler                       0x080003a7   Thumb Code     0  startup_stm32f767xx.o(.text)
    JPEG_IRQHandler                          0x080003a7   Thumb Code     0  startup_stm32f767xx.o(.text)
    LPTIM1_IRQHandler                        0x080003a7   Thumb Code     0  startup_stm32f767xx.o(.text)
    LTDC_ER_IRQHandler                       0x080003a7   Thumb Code     0  startup_stm32f767xx.o(.text)
    LTDC_IRQHandler                          0x080003a7   Thumb Code     0  startup_stm32f767xx.o(.text)
    MDIOS_IRQHandler                         0x080003a7   Thumb Code     0  startup_stm32f767xx.o(.text)
    OTG_FS_IRQHandler                        0x080003a7   Thumb Code     0  startup_stm32f767xx.o(.text)
    OTG_FS_WKUP_IRQHandler                   0x080003a7   Thumb Code     0  startup_stm32f767xx.o(.text)
    OTG_HS_EP1_IN_IRQHandler                 0x080003a7   Thumb Code     0  startup_stm32f767xx.o(.text)
    OTG_HS_EP1_OUT_IRQHandler                0x080003a7   Thumb Code     0  startup_stm32f767xx.o(.text)
    OTG_HS_IRQHandler                        0x080003a7   Thumb Code     0  startup_stm32f767xx.o(.text)
    OTG_HS_WKUP_IRQHandler                   0x080003a7   Thumb Code     0  startup_stm32f767xx.o(.text)
    PVD_IRQHandler                           0x080003a7   Thumb Code     0  startup_stm32f767xx.o(.text)
    QUADSPI_IRQHandler                       0x080003a7   Thumb Code     0  startup_stm32f767xx.o(.text)
    RCC_IRQHandler                           0x080003a7   Thumb Code     0  startup_stm32f767xx.o(.text)
    RNG_IRQHandler                           0x080003a7   Thumb Code     0  startup_stm32f767xx.o(.text)
    RTC_Alarm_IRQHandler                     0x080003a7   Thumb Code     0  startup_stm32f767xx.o(.text)
    RTC_WKUP_IRQHandler                      0x080003a7   Thumb Code     0  startup_stm32f767xx.o(.text)
    SAI1_IRQHandler                          0x080003a7   Thumb Code     0  startup_stm32f767xx.o(.text)
    SAI2_IRQHandler                          0x080003a7   Thumb Code     0  startup_stm32f767xx.o(.text)
    SDMMC1_IRQHandler                        0x080003a7   Thumb Code     0  startup_stm32f767xx.o(.text)
    SDMMC2_IRQHandler                        0x080003a7   Thumb Code     0  startup_stm32f767xx.o(.text)
    SPDIF_RX_IRQHandler                      0x080003a7   Thumb Code     0  startup_stm32f767xx.o(.text)
    SPI1_IRQHandler                          0x080003a7   Thumb Code     0  startup_stm32f767xx.o(.text)
    SPI2_IRQHandler                          0x080003a7   Thumb Code     0  startup_stm32f767xx.o(.text)
    SPI3_IRQHandler                          0x080003a7   Thumb Code     0  startup_stm32f767xx.o(.text)
    SPI4_IRQHandler                          0x080003a7   Thumb Code     0  startup_stm32f767xx.o(.text)
    SPI5_IRQHandler                          0x080003a7   Thumb Code     0  startup_stm32f767xx.o(.text)
    SPI6_IRQHandler                          0x080003a7   Thumb Code     0  startup_stm32f767xx.o(.text)
    TAMP_STAMP_IRQHandler                    0x080003a7   Thumb Code     0  startup_stm32f767xx.o(.text)
    TIM1_BRK_TIM9_IRQHandler                 0x080003a7   Thumb Code     0  startup_stm32f767xx.o(.text)
    TIM1_CC_IRQHandler                       0x080003a7   Thumb Code     0  startup_stm32f767xx.o(.text)
    TIM1_TRG_COM_TIM11_IRQHandler            0x080003a7   Thumb Code     0  startup_stm32f767xx.o(.text)
    TIM1_UP_TIM10_IRQHandler                 0x080003a7   Thumb Code     0  startup_stm32f767xx.o(.text)
    TIM2_IRQHandler                          0x080003a7   Thumb Code     0  startup_stm32f767xx.o(.text)
    TIM3_IRQHandler                          0x080003a7   Thumb Code     0  startup_stm32f767xx.o(.text)
    TIM4_IRQHandler                          0x080003a7   Thumb Code     0  startup_stm32f767xx.o(.text)
    TIM5_IRQHandler                          0x080003a7   Thumb Code     0  startup_stm32f767xx.o(.text)
    TIM6_DAC_IRQHandler                      0x080003a7   Thumb Code     0  startup_stm32f767xx.o(.text)
    TIM8_BRK_TIM12_IRQHandler                0x080003a7   Thumb Code     0  startup_stm32f767xx.o(.text)
    TIM8_CC_IRQHandler                       0x080003a7   Thumb Code     0  startup_stm32f767xx.o(.text)
    TIM8_TRG_COM_TIM14_IRQHandler            0x080003a7   Thumb Code     0  startup_stm32f767xx.o(.text)
    TIM8_UP_TIM13_IRQHandler                 0x080003a7   Thumb Code     0  startup_stm32f767xx.o(.text)
    UART7_IRQHandler                         0x080003a7   Thumb Code     0  startup_stm32f767xx.o(.text)
    UART8_IRQHandler                         0x080003a7   Thumb Code     0  startup_stm32f767xx.o(.text)
    USART2_IRQHandler                        0x080003a7   Thumb Code     0  startup_stm32f767xx.o(.text)
    USART6_IRQHandler                        0x080003a7   Thumb Code     0  startup_stm32f767xx.o(.text)
    WWDG_IRQHandler                          0x080003a7   Thumb Code     0  startup_stm32f767xx.o(.text)
    __user_initial_stackheap                 0x080003a9   Thumb Code     0  startup_stm32f767xx.o(.text)
    __use_no_semihosting                     0x080003cd   Thumb Code     2  use_no_semi_2.o(.text)
    vsprintf                                 0x080003d1   Thumb Code    32  vsprintf.o(.text)
    __2printf                                0x080003f5   Thumb Code    20  __2printf.o(.text)
    __2sprintf                               0x0800040d   Thumb Code    38  __2sprintf.o(.text)
    _printf_pre_padding                      0x08000439   Thumb Code    44  _printf_pad.o(.text)
    _printf_post_padding                     0x08000465   Thumb Code    34  _printf_pad.o(.text)
    _printf_str                              0x08000487   Thumb Code    82  _printf_str.o(.text)
    _printf_int_dec                          0x080004d9   Thumb Code   104  _printf_dec.o(.text)
    __printf                                 0x08000551   Thumb Code   388  __printf_flags_ss_wp.o(.text)
    strstr                                   0x080006d9   Thumb Code    36  strstr.o(.text)
    __aeabi_memcpy4                          0x080006fd   Thumb Code     0  rt_memcpy_w.o(.text)
    __aeabi_memcpy8                          0x080006fd   Thumb Code     0  rt_memcpy_w.o(.text)
    __rt_memcpy_w                            0x080006fd   Thumb Code   100  rt_memcpy_w.o(.text)
    _memcpy_lastbytes_aligned                0x08000745   Thumb Code     0  rt_memcpy_w.o(.text)
    __use_two_region_memory                  0x08000761   Thumb Code     2  heapauxi.o(.text)
    __rt_heap_escrow$2region                 0x08000763   Thumb Code     2  heapauxi.o(.text)
    __rt_heap_expand$2region                 0x08000765   Thumb Code     2  heapauxi.o(.text)
    __I$use$semihosting                      0x08000767   Thumb Code     0  use_no_semi.o(.text)
    __use_no_semihosting_swi                 0x08000767   Thumb Code     2  use_no_semi.o(.text)
    __read_errno                             0x08000769   Thumb Code    10  _rserrno.o(.text)
    __set_errno                              0x08000773   Thumb Code    12  _rserrno.o(.text)
    _printf_truncate_signed                  0x0800077f   Thumb Code    18  _printf_truncate.o(.text)
    _printf_truncate_unsigned                0x08000791   Thumb Code    18  _printf_truncate.o(.text)
    _printf_int_common                       0x080007a3   Thumb Code   178  _printf_intcommon.o(.text)
    _printf_charcount                        0x08000855   Thumb Code    40  _printf_charcount.o(.text)
    __lib_sel_fp_printf                      0x0800087d   Thumb Code     2  _printf_fp_dec.o(.text)
    _printf_fp_dec_real                      0x08000a2b   Thumb Code   620  _printf_fp_dec.o(.text)
    _printf_char_common                      0x08000ca3   Thumb Code    32  _printf_char_common.o(.text)
    _sputc                                   0x08000cc9   Thumb Code    10  _sputc.o(.text)
    _printf_cs_common                        0x08000cd3   Thumb Code    20  _printf_char.o(.text)
    _printf_char                             0x08000ce7   Thumb Code    16  _printf_char.o(.text)
    _printf_string                           0x08000cf7   Thumb Code     8  _printf_char.o(.text)
    _printf_char_file                        0x08000d01   Thumb Code    32  _printf_char_file.o(.text)
    _printf_wctomb                           0x08000d25   Thumb Code   182  _printf_wctomb.o(.text)
    _printf_longlong_dec                     0x08000de1   Thumb Code   108  _printf_longlong_dec.o(.text)
    _printf_longlong_oct                     0x08000e5d   Thumb Code    66  _printf_oct_int_ll.o(.text)
    _printf_int_oct                          0x08000e9f   Thumb Code    24  _printf_oct_int_ll.o(.text)
    _printf_ll_oct                           0x08000eb7   Thumb Code    12  _printf_oct_int_ll.o(.text)
    _printf_longlong_hex                     0x08000ecd   Thumb Code    86  _printf_hex_int_ll_ptr.o(.text)
    _printf_int_hex                          0x08000f23   Thumb Code    28  _printf_hex_int_ll_ptr.o(.text)
    _printf_ll_hex                           0x08000f3f   Thumb Code    12  _printf_hex_int_ll_ptr.o(.text)
    _printf_hex_ptr                          0x08000f4b   Thumb Code    18  _printf_hex_int_ll_ptr.o(.text)
    __rt_locale                              0x08000f61   Thumb Code     8  rt_locale_intlibspace.o(.text)
    __aeabi_errno_addr                       0x08000f69   Thumb Code     8  rt_errno_addr_intlibspace.o(.text)
    __errno$intlibspace                      0x08000f69   Thumb Code     0  rt_errno_addr_intlibspace.o(.text)
    __rt_errno_addr$intlibspace              0x08000f69   Thumb Code     0  rt_errno_addr_intlibspace.o(.text)
    _ll_udiv10                               0x08000f71   Thumb Code   138  lludiv10.o(.text)
    _printf_fp_hex_real                      0x08000ffd   Thumb Code   756  _printf_fp_hex.o(.text)
    _printf_fp_infnan                        0x080012f9   Thumb Code   112  _printf_fp_infnan.o(.text)
    _printf_lcs_common                       0x08001379   Thumb Code    20  _printf_wchar.o(.text)
    _printf_wchar                            0x0800138d   Thumb Code    16  _printf_wchar.o(.text)
    _printf_wstring                          0x0800139d   Thumb Code     8  _printf_wchar.o(.text)
    _btod_etento                             0x080013a5   Thumb Code   216  bigflt0.o(.text)
    ferror                                   0x08001481   Thumb Code     8  ferror.o(.text)
    _wcrtomb                                 0x08001489   Thumb Code    64  _wcrtomb.o(.text)
    __user_libspace                          0x080014c9   Thumb Code     8  libspace.o(.text)
    __user_perproc_libspace                  0x080014c9   Thumb Code     0  libspace.o(.text)
    __user_perthread_libspace                0x080014c9   Thumb Code     0  libspace.o(.text)
    __user_setup_stackheap                   0x080014d1   Thumb Code    74  sys_stackheap_outer.o(.text)
    __rt_ctype_table                         0x0800151d   Thumb Code    16  rt_ctype_table.o(.text)
    exit                                     0x0800152d   Thumb Code    18  exit.o(.text)
    strcmp                                   0x08001541   Thumb Code   104  strcmpv7m_pel.o(.text)
    _btod_d2e                                0x080015a9   Thumb Code    62  btod.o(CL$$btod_d2e)
    _d2e_denorm_low                          0x080015e7   Thumb Code    70  btod.o(CL$$btod_d2e_denorm_low)
    _d2e_norm_op1                            0x0800162d   Thumb Code    96  btod.o(CL$$btod_d2e_norm_op1)
    __btod_div_common                        0x0800168d   Thumb Code   696  btod.o(CL$$btod_div_common)
    _e2e                                     0x080019c5   Thumb Code   198  btod.o(CL$$btod_e2e)
    _btod_ediv                               0x08001a8b   Thumb Code    40  btod.o(CL$$btod_ediv)
    _btod_emul                               0x08001ab3   Thumb Code    40  btod.o(CL$$btod_emul)
    __btod_mult_common                       0x08001adb   Thumb Code   580  btod.o(CL$$btod_mult_common)
    BusFault_Handler                         0x08001e99   Thumb Code     4  stm32f7xx_it.o(i.BusFault_Handler)
    Cache_Enable                             0x08001e9d   Thumb Code   112  sys.o(i.Cache_Enable)
    ChargeTask                               0x08001f15   Thumb Code     2  task.o(i.ChargeTask)
    DebugMon_Handler                         0x08001f17   Thumb Code     2  stm32f7xx_it.o(i.DebugMon_Handler)
    EXTI0_IRQHandler                         0x08001f19   Thumb Code    10  exti.o(i.EXTI0_IRQHandler)
    EXTI15_10_IRQHandler                     0x08001f23   Thumb Code    12  exti.o(i.EXTI15_10_IRQHandler)
    EXTI2_IRQHandler                         0x08001f2f   Thumb Code    10  exti.o(i.EXTI2_IRQHandler)
    EXTI3_IRQHandler                         0x08001f39   Thumb Code    10  exti.o(i.EXTI3_IRQHandler)
    EXTI_Init                                0x08001f45   Thumb Code   206  exti.o(i.EXTI_Init)
    FMC_NORSRAM_Extended_Timing_Init         0x0800202d   Thumb Code    66  stm32f7xx_ll_fmc.o(i.FMC_NORSRAM_Extended_Timing_Init)
    FMC_NORSRAM_Init                         0x08002075   Thumb Code   124  stm32f7xx_ll_fmc.o(i.FMC_NORSRAM_Init)
    FMC_NORSRAM_Timing_Init                  0x080020f5   Thumb Code    94  stm32f7xx_ll_fmc.o(i.FMC_NORSRAM_Timing_Init)
    GPS_Analysis                             0x08002153   Thumb Code    56  gps.o(i.GPS_Analysis)
    GetVoiceMsg                              0x0800218d   Thumb Code    56  task.o(i.GetVoiceMsg)
    Get_ImageMsg                             0x080021cd   Thumb Code   438  task.o(i.Get_ImageMsg)
    GpsTask                                  0x080023e1   Thumb Code   148  task.o(i.GpsTask)
    Gps_Msg_Show                             0x080024a1   Thumb Code   588  task.o(i.Gps_Msg_Show)
    HAL_ADC_Init                             0x080027f5   Thumb Code   100  stm32f7xx_hal_adc.o(i.HAL_ADC_Init)
    HAL_ADC_MspInit                          0x0800285d   Thumb Code    88  adc.o(i.HAL_ADC_MspInit)
    HAL_DMA_Abort_IT                         0x080028bd   Thumb Code    40  stm32f7xx_hal_dma.o(i.HAL_DMA_Abort_IT)
    HAL_GPIO_EXTI_Callback                   0x080028e5   Thumb Code   350  exti.o(i.HAL_GPIO_EXTI_Callback)
    HAL_GPIO_EXTI_IRQHandler                 0x08002a5d   Thumb Code    24  stm32f7xx_hal_gpio.o(i.HAL_GPIO_EXTI_IRQHandler)
    HAL_GPIO_Init                            0x08002a79   Thumb Code   484  stm32f7xx_hal_gpio.o(i.HAL_GPIO_Init)
    HAL_GPIO_ReadPin                         0x08002c91   Thumb Code    16  stm32f7xx_hal_gpio.o(i.HAL_GPIO_ReadPin)
    HAL_GPIO_WritePin                        0x08002ca1   Thumb Code    12  stm32f7xx_hal_gpio.o(i.HAL_GPIO_WritePin)
    HAL_GetTick                              0x08002cad   Thumb Code     6  stm32f7xx_hal.o(i.HAL_GetTick)
    HAL_IncTick                              0x08002cb9   Thumb Code    12  stm32f7xx_hal.o(i.HAL_IncTick)
    HAL_Init                                 0x08002cc9   Thumb Code    34  stm32f7xx_hal.o(i.HAL_Init)
    HAL_InitTick                             0x08002cf1   Thumb Code    36  stm32f7xx_hal.o(i.HAL_InitTick)
    HAL_MPU_ConfigRegion                     0x08002d19   Thumb Code    88  stm32f7xx_hal_cortex.o(i.HAL_MPU_ConfigRegion)
    HAL_MspInit                              0x08002d75   Thumb Code     2  stm32f7xx_hal.o(i.HAL_MspInit)
    HAL_NVIC_EnableIRQ                       0x08002d77   Thumb Code    26  stm32f7xx_hal_cortex.o(i.HAL_NVIC_EnableIRQ)
    HAL_NVIC_SetPriority                     0x08002d91   Thumb Code   124  stm32f7xx_hal_cortex.o(i.HAL_NVIC_SetPriority)
    HAL_NVIC_SetPriorityGrouping             0x08002e0d   Thumb Code    32  stm32f7xx_hal_cortex.o(i.HAL_NVIC_SetPriorityGrouping)
    HAL_PWREx_EnableOverDrive                0x08002e35   Thumb Code   136  stm32f7xx_hal_pwr_ex.o(i.HAL_PWREx_EnableOverDrive)
    HAL_RCC_ClockConfig                      0x08002ec5   Thumb Code   420  stm32f7xx_hal_rcc.o(i.HAL_RCC_ClockConfig)
    HAL_RCC_GetHCLKFreq                      0x08003079   Thumb Code     6  stm32f7xx_hal_rcc.o(i.HAL_RCC_GetHCLKFreq)
    HAL_RCC_GetPCLK1Freq                     0x08003085   Thumb Code    36  stm32f7xx_hal_rcc.o(i.HAL_RCC_GetPCLK1Freq)
    HAL_RCC_GetPCLK2Freq                     0x080030b1   Thumb Code    36  stm32f7xx_hal_rcc.o(i.HAL_RCC_GetPCLK2Freq)
    HAL_RCC_GetSysClockFreq                  0x080030dd   Thumb Code   168  stm32f7xx_hal_rcc.o(i.HAL_RCC_GetSysClockFreq)
    HAL_RCC_OscConfig                        0x08003191   Thumb Code  1228  stm32f7xx_hal_rcc_ex.o(i.HAL_RCC_OscConfig)
    HAL_SRAM_Init                            0x08003661   Thumb Code    88  stm32f7xx_hal_sram.o(i.HAL_SRAM_Init)
    HAL_SRAM_MspInit                         0x080036b9   Thumb Code   140  lcd.o(i.HAL_SRAM_MspInit)
    HAL_SYSTICK_CLKSourceConfig              0x08003751   Thumb Code    40  stm32f7xx_hal_cortex.o(i.HAL_SYSTICK_CLKSourceConfig)
    HAL_SYSTICK_Config                       0x08003779   Thumb Code    52  stm32f7xx_hal_cortex.o(i.HAL_SYSTICK_Config)
    HAL_TIM_Base_Init                        0x080037ad   Thumb Code    46  stm32f7xx_hal_tim.o(i.HAL_TIM_Base_Init)
    HAL_TIM_Base_MspInit                     0x080037dd   Thumb Code    58  timer.o(i.HAL_TIM_Base_MspInit)
    HAL_TIM_Base_Start_IT                    0x08003821   Thumb Code    30  stm32f7xx_hal_tim.o(i.HAL_TIM_Base_Start_IT)
    HAL_UART_ErrorCallback                   0x0800383f   Thumb Code     2  stm32f7xx_hal_uart.o(i.HAL_UART_ErrorCallback)
    HAL_UART_GetState                        0x08003841   Thumb Code    20  stm32f7xx_hal_uart.o(i.HAL_UART_GetState)
    HAL_UART_IRQHandler                      0x08003855   Thumb Code   344  stm32f7xx_hal_uart.o(i.HAL_UART_IRQHandler)
    HAL_UART_Init                            0x080039b1   Thumb Code   120  stm32f7xx_hal_uart.o(i.HAL_UART_Init)
    HAL_UART_MspInit                         0x08003a29   Thumb Code   568  usart.o(i.HAL_UART_MspInit)
    HAL_UART_Receive                         0x08003c85   Thumb Code   274  stm32f7xx_hal_uart.o(i.HAL_UART_Receive)
    HAL_UART_Receive_IT                      0x08003d97   Thumb Code   200  stm32f7xx_hal_uart.o(i.HAL_UART_Receive_IT)
    HAL_UART_RxCpltCallback                  0x08003e61   Thumb Code   328  usart.o(i.HAL_UART_RxCpltCallback)
    HAL_UART_TxCpltCallback                  0x08003fcd   Thumb Code     2  stm32f7xx_hal_uart.o(i.HAL_UART_TxCpltCallback)
    HardFault_Handler                        0x08003fcf   Thumb Code     4  stm32f7xx_it.o(i.HardFault_Handler)
    I2C_Init                                 0x08003fd5   Thumb Code    72  xfs5152_i2c.o(i.I2C_Init)
    I2C_SendDatas                            0x08004021   Thumb Code    86  xfs5152_i2c.o(i.I2C_SendDatas)
    I2C_Start                                0x08004077   Thumb Code    40  xfs5152_i2c.o(i.I2C_Start)
    I2C_Stop                                 0x0800409f   Thumb Code    56  xfs5152_i2c.o(i.I2C_Stop)
    InitTask                                 0x080040d9   Thumb Code   262  task.o(i.InitTask)
    LCD_Clear                                0x08004285   Thumb Code    42  lcd.o(i.LCD_Clear)
    LCD_Display_Dir                          0x080042b9   Thumb Code   348  lcd.o(i.LCD_Display_Dir)
    LCD_Fast_DrawPoint                       0x08004419   Thumb Code   256  lcd.o(i.LCD_Fast_DrawPoint)
    LCD_Init                                 0x08004521   Thumb Code  9272  lcd.o(i.LCD_Init)
    LCD_MPU_Config                           0x08006965   Thumb Code   128  lcd.o(i.LCD_MPU_Config)
    LCD_Pow                                  0x080069e9   Thumb Code    22  lcd.o(i.LCD_Pow)
    LCD_RD_DATA                              0x08006a01   Thumb Code    14  lcd.o(i.LCD_RD_DATA)
    LCD_SSD_BackLightSet                     0x08006a15   Thumb Code    72  lcd.o(i.LCD_SSD_BackLightSet)
    LCD_Scan_Dir                             0x08006a65   Thumb Code   624  lcd.o(i.LCD_Scan_Dir)
    LCD_SetCursor                            0x08006cd9   Thumb Code   306  lcd.o(i.LCD_SetCursor)
    LCD_ShowChar                             0x08006e11   Thumb Code   288  lcd.o(i.LCD_ShowChar)
    LCD_ShowNum                              0x08006f4d   Thumb Code   148  lcd.o(i.LCD_ShowNum)
    LCD_ShowString                           0x08006fe1   Thumb Code   102  lcd.o(i.LCD_ShowString)
    LCD_ShowxNum                             0x08007047   Thumb Code   190  lcd.o(i.LCD_ShowxNum)
    LCD_WR_DATA                              0x08007105   Thumb Code    18  lcd.o(i.LCD_WR_DATA)
    LCD_WR_REG                               0x0800711d   Thumb Code    18  lcd.o(i.LCD_WR_REG)
    LCD_WriteRAM_Prepare                     0x08007135   Thumb Code    10  lcd.o(i.LCD_WriteRAM_Prepare)
    LCD_WriteReg                             0x08007149   Thumb Code    10  lcd.o(i.LCD_WriteReg)
    LED_Init                                 0x08007159   Thumb Code   160  led.o(i.LED_Init)
    MY_ADC_Init                              0x08007205   Thumb Code    54  adc.o(i.MY_ADC_Init)
    MemManage_Handler                        0x08007249   Thumb Code     4  stm32f7xx_it.o(i.MemManage_Handler)
    NMEA_BDGSV_Analysis                      0x0800724d   Thumb Code   298  gps.o(i.NMEA_BDGSV_Analysis)
    NMEA_Comma_Pos                           0x08007381   Thumb Code    50  gps.o(i.NMEA_Comma_Pos)
    NMEA_GNGGA_Analysis                      0x080073b5   Thumb Code    96  gps.o(i.NMEA_GNGGA_Analysis)
    NMEA_GNGSA_Analysis                      0x0800741d   Thumb Code   176  gps.o(i.NMEA_GNGSA_Analysis)
    NMEA_GNRMC_Analysis                      0x080074d5   Thumb Code   536  gps.o(i.NMEA_GNRMC_Analysis)
    NMEA_GNVTG_Analysis                      0x080076f9   Thumb Code    78  gps.o(i.NMEA_GNVTG_Analysis)
    NMEA_GPGSV_Analysis                      0x08007751   Thumb Code   290  gps.o(i.NMEA_GPGSV_Analysis)
    NMEA_Pow                                 0x0800787d   Thumb Code    22  gps.o(i.NMEA_Pow)
    NMEA_Str2num                             0x08007893   Thumb Code   234  gps.o(i.NMEA_Str2num)
    NMI_Handler                              0x0800797d   Thumb Code     2  stm32f7xx_it.o(i.NMI_Handler)
    PendSV_Handler                           0x080079b9   Thumb Code     2  stm32f7xx_it.o(i.PendSV_Handler)
    PowerInit                                0x080079bd   Thumb Code   130  power.o(i.PowerInit)
    SVC_Handler                              0x08007ae9   Thumb Code     2  stm32f7xx_it.o(i.SVC_Handler)
    SkyTra_Cfg_Ack_Check                     0x08007aed   Thumb Code   100  gps.o(i.SkyTra_Cfg_Ack_Check)
    SkyTra_Cfg_Prt                           0x08007b59   Thumb Code    76  gps.o(i.SkyTra_Cfg_Prt)
    SkyTra_Cfg_Rate                          0x08007ba9   Thumb Code    60  gps.o(i.SkyTra_Cfg_Rate)
    SkyTra_Cfg_Tp                            0x08007be9   Thumb Code   126  gps.o(i.SkyTra_Cfg_Tp)
    SkyTra_Send_Date                         0x08007c6d   Thumb Code    40  gps.o(i.SkyTra_Send_Date)
    SoundTask                                0x08007c99   Thumb Code   500  task.o(i.SoundTask)
    Stm32_Clock_Init                         0x08007f25   Thumb Code   170  sys.o(i.Stm32_Clock_Init)
    SysTick_Handler                          0x08007fd9   Thumb Code     8  stm32f7xx_it.o(i.SysTick_Handler)
    SystemInit                               0x08007fe1   Thumb Code    82  system_stm32f7xx.o(i.SystemInit)
    TIM7_IRQHandler                          0x08008045   Thumb Code    36  timer.o(i.TIM7_IRQHandler)
    TIM7_Int_Init                            0x08008075   Thumb Code    36  timer.o(i.TIM7_Int_Init)
    TIM_Base_SetConfig                       0x080080a1   Thumb Code   184  stm32f7xx_hal_tim.o(i.TIM_Base_SetConfig)
    UART4_IRQHandler                         0x08008185   Thumb Code    66  usart.o(i.UART4_IRQHandler)
    UART5_IRQHandler                         0x080081d5   Thumb Code    66  usart.o(i.UART5_IRQHandler)
    UART_AdvFeatureConfig                    0x08008225   Thumb Code   234  stm32f7xx_hal_uart.o(i.UART_AdvFeatureConfig)
    UART_CheckIdleState                      0x0800830f   Thumb Code   116  stm32f7xx_hal_uart.o(i.UART_CheckIdleState)
    UART_SetConfig                           0x08008465   Thumb Code   858  stm32f7xx_hal_uart.o(i.UART_SetConfig)
    UART_WaitOnFlagUntilTimeout              0x0800885b   Thumb Code   108  stm32f7xx_hal_uart.o(i.UART_WaitOnFlagUntilTimeout)
    USART1_IRQHandler                        0x080088c9   Thumb Code   146  usart.o(i.USART1_IRQHandler)
    USART3_IRQHandler                        0x08008969   Thumb Code    98  usart.o(i.USART3_IRQHandler)
    UsageFault_Handler                       0x080089e1   Thumb Code     4  stm32f7xx_it.o(i.UsageFault_Handler)
    VoiceTask                                0x080089e5   Thumb Code    96  task.o(i.VoiceTask)
    WriteByte                                0x08008ac1   Thumb Code   188  xfs5152_i2c.o(i.WriteByte)
    XFS_Init                                 0x08008b81   Thumb Code   100  xfs5152.o(i.XFS_Init)
    XFS_Reset                                0x08008bfd   Thumb Code    56  xfs5152.o(i.XFS_Reset)
    XFS_Speech                               0x08008c39   Thumb Code   104  xfs5152.o(i.XFS_Speech)
    XFS_isBusy                               0x08008cb1   Thumb Code    14  xfs5152.o(i.XFS_isBusy)
    __ARM_fpclassify                         0x08008cc5   Thumb Code    48  fpclassify.o(i.__ARM_fpclassify)
    __hardfp_cos                             0x08008cf9   Thumb Code   158  cos.o(i.__hardfp_cos)
    __hardfp_sin                             0x08008da9   Thumb Code   158  sin.o(i.__hardfp_sin)
    __ieee754_rem_pio2                       0x08008e59   Thumb Code   646  rred.o(i.__ieee754_rem_pio2)
    __kernel_cos                             0x08009169   Thumb Code   182  cos_i.o(i.__kernel_cos)
    __kernel_poly                            0x08009249   Thumb Code   112  poly.o(i.__kernel_poly)
    __kernel_sin                             0x080092b9   Thumb Code   144  sin_i.o(i.__kernel_sin)
    __mathlib_dbl_invalid                    0x08009361   Thumb Code    10  dunder.o(i.__mathlib_dbl_invalid)
    __mathlib_dbl_underflow                  0x08009379   Thumb Code    10  dunder.o(i.__mathlib_dbl_underflow)
    _is_digit                                0x08009391   Thumb Code    14  __printf_wp.o(i._is_digit)
    _sys_exit                                0x0800939f   Thumb Code     4  usart.o(i._sys_exit)
    delay_init                               0x080093a5   Thumb Code    16  delay.o(i.delay_init)
    delay_ms                                 0x080093b9   Thumb Code    24  delay.o(i.delay_ms)
    delay_us                                 0x080093d1   Thumb Code    68  delay.o(i.delay_us)
    fabs                                     0x08009419   Thumb Code    24  fabs.o(i.fabs)
    fix_g                                    0x08009431   Thumb Code   286  task.o(i.fix_g)
    fputc                                    0x08009571   Thumb Code    24  usart.o(i.fputc)
    main                                     0x0800958d   Thumb Code   176  main.o(i.main)
    my_spi_init                              0x08009645   Thumb Code    68  spi.o(i.my_spi_init)
    uart4_init                               0x08009691   Thumb Code    44  usart.o(i.uart4_init)
    uart5_init                               0x080096c9   Thumb Code    44  usart.o(i.uart5_init)
    uart_init                                0x08009701   Thumb Code    34  usart.o(i.uart_init)
    usart3_init                              0x0800972d   Thumb Code    34  usart.o(i.usart3_init)
    wt931Init                                0x08009759   Thumb Code    28  wt931.o(i.wt931Init)
    wt931_read                               0x0800977d   Thumb Code  1128  wt931.o(i.wt931_read)
    _get_lc_numeric                          0x08009bed   Thumb Code    44  lc_numeric_c.o(locale$$code)
    _get_lc_ctype                            0x08009c19   Thumb Code    44  lc_ctype_c.o(locale$$code)
    _fp_init                                 0x08009c45   Thumb Code    10  fpinit.o(x$fpl$fpinit)
    __fplib_config_fpu_vfp                   0x08009c4d   Thumb Code     0  fpinit.o(x$fpl$fpinit)
    __fplib_config_pureend_doubles           0x08009c4d   Thumb Code     0  fpinit.o(x$fpl$fpinit)
    _printf_fp_dec                           0x08009c4f   Thumb Code     4  printf1.o(x$fpl$printf1)
    _printf_fp_hex                           0x08009c53   Thumb Code     4  printf2.o(x$fpl$printf2)
    AHBPrescTable                            0x08009c56   Data          16  system_stm32f7xx.o(.constdata)
    __I$use$fp                               0x08009c56   Number         0  usenofp.o(x$fpl$usenofp)
    APBPrescTable                            0x08009c66   Data           8  system_stm32f7xx.o(.constdata)
    asc2_1206                                0x08009c6e   Data        1140  lcd.o(.constdata)
    asc2_1608                                0x0800a0e2   Data        1520  lcd.o(.constdata)
    asc2_2412                                0x0800a6d2   Data        3420  lcd.o(.constdata)
    asc2_3216                                0x0800b42e   Data       12160  lcd.o(.constdata)
    Region$$Table$$Base                      0x0800e63c   Number         0  anon$$obj.o(Region$$Table)
    Region$$Table$$Limit                     0x0800e65c   Number         0  anon$$obj.o(Region$$Table)
    __ctype                                  0x0800e685   Data           0  lc_ctype_c.o(locale$$data)
    SystemCoreClock                          0x20020000   Data           4  system_stm32f7xx.o(.data)
    uwTick                                   0x20020004   Data           4  stm32f7xx_hal.o(.data)
    __stdout                                 0x2002000c   Data           4  usart.o(.data)
    USART_RX_STA                             0x20020010   Data           2  usart.o(.data)
    USART3_RX_STA                            0x20020012   Data           2  usart.o(.data)
    UART5_RX_STA                             0x20020014   Data           2  usart.o(.data)
    UART4_RX_STA                             0x20020016   Data           2  usart.o(.data)
    UART5_COUNT                              0x20020018   Data           1  usart.o(.data)
    UART5_START                              0x20020019   Data           1  usart.o(.data)
    aRxBuffer                                0x2002001a   Data           1  usart.o(.data)
    POINT_COLOR                              0x2002001c   Data           4  lcd.o(.data)
    BACK_COLOR                               0x20020020   Data           4  lcd.o(.data)
    gImage_picture                           0x20020028   Data       78408  task.o(.data)
    gImage_XuZhe                             0x20033270   Data       24608  task.o(.data)
    gImage_Zobin                             0x20039290   Data       20008  task.o(.data)
    fixmode_tbl                              0x2003e0b8   Data          16  task.o(.data)
    scl_pin                                  0x2003e0ec   Data           8  xfs5152.o(.data)
    sda_pin                                  0x2003e0f4   Data           8  xfs5152.o(.data)
    rdy_pin                                  0x2003e0fc   Data           8  xfs5152.o(.data)
    rst_pin                                  0x2003e104   Data           8  xfs5152.o(.data)
    USART_RX_BUF                             0x2003e110   Data         200  usart.o(.bss)
    UART5_RX_BUF                             0x2003e1d8   Data         200  usart.o(.bss)
    UART4_RX_BUF                             0x2003e2a0   Data         200  usart.o(.bss)
    USART3_TX_BUF                            0x2003e368   Data         800  usart.o(.bss)
    USART3_RX_BUF                            0x2003e688   Data         800  usart.o(.bss)
    UART1_Handler                            0x2003e9a8   Data         112  usart.o(.bss)
    UART3_Handler                            0x2003ea18   Data         112  usart.o(.bss)
    UART4_Handler                            0x2003ea88   Data         112  usart.o(.bss)
    UART5_Handler                            0x2003eaf8   Data         112  usart.o(.bss)
    SRAM_Handler                             0x2003eb68   Data          76  lcd.o(.bss)
    lcddev                                   0x2003ebb4   Data          14  lcd.o(.bss)
    USART1_TX_BUF                            0x2003ebc4   Data         800  task.o(.bss)
    gpsx                                     0x2003eee4   Data         166  task.o(.bss)
    dtbuf                                    0x2003ef8c   Data          50  task.o(.bss)
    ADC1_Handler                             0x2003eff4   Data          72  adc.o(.bss)
    TIM7_Handler                             0x2003f03c   Data          60  timer.o(.bss)
    wt931_msg                                0x2003f178   Data          56  wt931.o(.bss)
    __libspace_start                         0x2003f1b0   Data          96  libspace.o(.bss)
    __temporary_stack_top$libspace           0x2003f210   Data           0  libspace.o(.bss)



==============================================================================

Memory Map of the image

  Image Entry point : 0x080001f9

  Load Region LR_IROM1 (Base: 0x08000000, Size: 0x0002c898, Max: 0x00100000, ABSOLUTE, COMPRESSED[0x0001a6ac])

    Execution Region ER_IROM1 (Base: 0x08000000, Size: 0x0000e788, Max: 0x00100000, ABSOLUTE)

    Base Addr    Size         Type   Attr      Idx    E Section Name        Object

    0x08000000   0x000001f8   Data   RO          765    RESET               startup_stm32f767xx.o
    0x080001f8   0x00000008   Code   RO         5041  * !!!main             c_w.l(__main.o)
    0x08000200   0x00000034   Code   RO         5402    !!!scatter          c_w.l(__scatter.o)
    0x08000234   0x00000064   Code   RO         5400    !!dclz77c           c_w.l(__dclz77c.o)
    0x08000298   0x0000001c   Code   RO         5404    !!handler_zi        c_w.l(__scatter_zi.o)
    0x080002b4   0x00000000   Code   RO         5032    .ARM.Collect$$_printf_percent$$00000000  c_w.l(_printf_percent.o)
    0x080002b4   0x00000006   Code   RO         5122    .ARM.Collect$$_printf_percent$$00000001  c_w.l(_printf_n.o)
    0x080002ba   0x00000006   Code   RO         5124    .ARM.Collect$$_printf_percent$$00000002  c_w.l(_printf_p.o)
    0x080002c0   0x00000006   Code   RO         5031    .ARM.Collect$$_printf_percent$$00000003  c_w.l(_printf_f.o)
    0x080002c6   0x00000006   Code   RO         5128    .ARM.Collect$$_printf_percent$$00000004  c_w.l(_printf_e.o)
    0x080002cc   0x00000006   Code   RO         5129    .ARM.Collect$$_printf_percent$$00000005  c_w.l(_printf_g.o)
    0x080002d2   0x00000006   Code   RO         5130    .ARM.Collect$$_printf_percent$$00000006  c_w.l(_printf_a.o)
    0x080002d8   0x0000000a   Code   RO         5135    .ARM.Collect$$_printf_percent$$00000007  c_w.l(_printf_ll.o)
    0x080002e2   0x00000006   Code   RO         5126    .ARM.Collect$$_printf_percent$$00000008  c_w.l(_printf_i.o)
    0x080002e8   0x00000006   Code   RO         5030    .ARM.Collect$$_printf_percent$$00000009  c_w.l(_printf_d.o)
    0x080002ee   0x00000006   Code   RO         5127    .ARM.Collect$$_printf_percent$$0000000A  c_w.l(_printf_u.o)
    0x080002f4   0x00000006   Code   RO         5125    .ARM.Collect$$_printf_percent$$0000000B  c_w.l(_printf_o.o)
    0x080002fa   0x00000006   Code   RO         5123    .ARM.Collect$$_printf_percent$$0000000C  c_w.l(_printf_x.o)
    0x08000300   0x00000006   Code   RO         5132    .ARM.Collect$$_printf_percent$$0000000D  c_w.l(_printf_lli.o)
    0x08000306   0x00000006   Code   RO         5133    .ARM.Collect$$_printf_percent$$0000000E  c_w.l(_printf_lld.o)
    0x0800030c   0x00000006   Code   RO         5134    .ARM.Collect$$_printf_percent$$0000000F  c_w.l(_printf_llu.o)
    0x08000312   0x00000006   Code   RO         5139    .ARM.Collect$$_printf_percent$$00000010  c_w.l(_printf_llo.o)
    0x08000318   0x00000006   Code   RO         5140    .ARM.Collect$$_printf_percent$$00000011  c_w.l(_printf_llx.o)
    0x0800031e   0x0000000a   Code   RO         5136    .ARM.Collect$$_printf_percent$$00000012  c_w.l(_printf_l.o)
    0x08000328   0x00000006   Code   RO         5028    .ARM.Collect$$_printf_percent$$00000013  c_w.l(_printf_c.o)
    0x0800032e   0x00000006   Code   RO         5029    .ARM.Collect$$_printf_percent$$00000014  c_w.l(_printf_s.o)
    0x08000334   0x00000006   Code   RO         5137    .ARM.Collect$$_printf_percent$$00000015  c_w.l(_printf_lc.o)
    0x0800033a   0x00000006   Code   RO         5138    .ARM.Collect$$_printf_percent$$00000016  c_w.l(_printf_ls.o)
    0x08000340   0x00000004   Code   RO         5131    .ARM.Collect$$_printf_percent$$00000017  c_w.l(_printf_percent_end.o)
    0x08000344   0x00000002   Code   RO         5274    .ARM.Collect$$libinit$$00000000  c_w.l(libinit.o)
    0x08000346   0x00000004   Code   RO         5275    .ARM.Collect$$libinit$$00000001  c_w.l(libinit2.o)
    0x0800034a   0x00000000   Code   RO         5278    .ARM.Collect$$libinit$$00000004  c_w.l(libinit2.o)
    0x0800034a   0x00000000   Code   RO         5281    .ARM.Collect$$libinit$$0000000A  c_w.l(libinit2.o)
    0x0800034a   0x00000000   Code   RO         5283    .ARM.Collect$$libinit$$0000000C  c_w.l(libinit2.o)
    0x0800034a   0x00000000   Code   RO         5285    .ARM.Collect$$libinit$$0000000E  c_w.l(libinit2.o)
    0x0800034a   0x00000006   Code   RO         5286    .ARM.Collect$$libinit$$0000000F  c_w.l(libinit2.o)
    0x08000350   0x00000000   Code   RO         5288    .ARM.Collect$$libinit$$00000011  c_w.l(libinit2.o)
    0x08000350   0x0000000c   Code   RO         5289    .ARM.Collect$$libinit$$00000012  c_w.l(libinit2.o)
    0x0800035c   0x00000000   Code   RO         5290    .ARM.Collect$$libinit$$00000013  c_w.l(libinit2.o)
    0x0800035c   0x00000000   Code   RO         5292    .ARM.Collect$$libinit$$00000015  c_w.l(libinit2.o)
    0x0800035c   0x0000000a   Code   RO         5293    .ARM.Collect$$libinit$$00000016  c_w.l(libinit2.o)
    0x08000366   0x00000000   Code   RO         5294    .ARM.Collect$$libinit$$00000017  c_w.l(libinit2.o)
    0x08000366   0x00000000   Code   RO         5296    .ARM.Collect$$libinit$$00000019  c_w.l(libinit2.o)
    0x08000366   0x00000000   Code   RO         5298    .ARM.Collect$$libinit$$0000001B  c_w.l(libinit2.o)
    0x08000366   0x00000000   Code   RO         5300    .ARM.Collect$$libinit$$0000001D  c_w.l(libinit2.o)
    0x08000366   0x00000000   Code   RO         5302    .ARM.Collect$$libinit$$0000001F  c_w.l(libinit2.o)
    0x08000366   0x00000000   Code   RO         5304    .ARM.Collect$$libinit$$00000021  c_w.l(libinit2.o)
    0x08000366   0x00000000   Code   RO         5306    .ARM.Collect$$libinit$$00000023  c_w.l(libinit2.o)
    0x08000366   0x00000000   Code   RO         5308    .ARM.Collect$$libinit$$00000025  c_w.l(libinit2.o)
    0x08000366   0x00000000   Code   RO         5312    .ARM.Collect$$libinit$$0000002C  c_w.l(libinit2.o)
    0x08000366   0x00000000   Code   RO         5314    .ARM.Collect$$libinit$$0000002E  c_w.l(libinit2.o)
    0x08000366   0x00000000   Code   RO         5316    .ARM.Collect$$libinit$$00000030  c_w.l(libinit2.o)
    0x08000366   0x00000000   Code   RO         5318    .ARM.Collect$$libinit$$00000032  c_w.l(libinit2.o)
    0x08000366   0x00000002   Code   RO         5319    .ARM.Collect$$libinit$$00000033  c_w.l(libinit2.o)
    0x08000368   0x00000002   Code   RO         5350    .ARM.Collect$$libshutdown$$00000000  c_w.l(libshutdown.o)
    0x0800036a   0x00000000   Code   RO         5359    .ARM.Collect$$libshutdown$$00000002  c_w.l(libshutdown2.o)
    0x0800036a   0x00000000   Code   RO         5361    .ARM.Collect$$libshutdown$$00000004  c_w.l(libshutdown2.o)
    0x0800036a   0x00000000   Code   RO         5364    .ARM.Collect$$libshutdown$$00000007  c_w.l(libshutdown2.o)
    0x0800036a   0x00000000   Code   RO         5367    .ARM.Collect$$libshutdown$$0000000A  c_w.l(libshutdown2.o)
    0x0800036a   0x00000000   Code   RO         5369    .ARM.Collect$$libshutdown$$0000000C  c_w.l(libshutdown2.o)
    0x0800036a   0x00000000   Code   RO         5372    .ARM.Collect$$libshutdown$$0000000F  c_w.l(libshutdown2.o)
    0x0800036a   0x00000002   Code   RO         5373    .ARM.Collect$$libshutdown$$00000010  c_w.l(libshutdown2.o)
    0x0800036c   0x00000000   Code   RO         5071    .ARM.Collect$$rtentry$$00000000  c_w.l(__rtentry.o)
    0x0800036c   0x00000000   Code   RO         5177    .ARM.Collect$$rtentry$$00000002  c_w.l(__rtentry2.o)
    0x0800036c   0x00000006   Code   RO         5189    .ARM.Collect$$rtentry$$00000004  c_w.l(__rtentry4.o)
    0x08000372   0x00000000   Code   RO         5179    .ARM.Collect$$rtentry$$00000009  c_w.l(__rtentry2.o)
    0x08000372   0x00000004   Code   RO         5180    .ARM.Collect$$rtentry$$0000000A  c_w.l(__rtentry2.o)
    0x08000376   0x00000000   Code   RO         5182    .ARM.Collect$$rtentry$$0000000C  c_w.l(__rtentry2.o)
    0x08000376   0x00000008   Code   RO         5183    .ARM.Collect$$rtentry$$0000000D  c_w.l(__rtentry2.o)
    0x0800037e   0x00000002   Code   RO         5320    .ARM.Collect$$rtexit$$00000000  c_w.l(rtexit.o)
    0x08000380   0x00000000   Code   RO         5330    .ARM.Collect$$rtexit$$00000002  c_w.l(rtexit2.o)
    0x08000380   0x00000004   Code   RO         5331    .ARM.Collect$$rtexit$$00000003  c_w.l(rtexit2.o)
    0x08000384   0x00000006   Code   RO         5332    .ARM.Collect$$rtexit$$00000004  c_w.l(rtexit2.o)
    0x0800038a   0x00000002   PAD
    0x0800038c   0x00000040   Code   RO          766    .text               startup_stm32f767xx.o
    0x080003cc   0x00000002   Code   RO         4988    .text               c_w.l(use_no_semi_2.o)
    0x080003ce   0x00000002   PAD
    0x080003d0   0x00000024   Code   RO         4990    .text               c_w.l(vsprintf.o)
    0x080003f4   0x00000018   Code   RO         4992    .text               c_w.l(__2printf.o)
    0x0800040c   0x0000002c   Code   RO         4994    .text               c_w.l(__2sprintf.o)
    0x08000438   0x0000004e   Code   RO         5002    .text               c_w.l(_printf_pad.o)
    0x08000486   0x00000052   Code   RO         5004    .text               c_w.l(_printf_str.o)
    0x080004d8   0x00000078   Code   RO         5006    .text               c_w.l(_printf_dec.o)
    0x08000550   0x00000188   Code   RO         5025    .text               c_w.l(__printf_flags_ss_wp.o)
    0x080006d8   0x00000024   Code   RO         5033    .text               c_w.l(strstr.o)
    0x080006fc   0x00000064   Code   RO         5037    .text               c_w.l(rt_memcpy_w.o)
    0x08000760   0x00000006   Code   RO         5039    .text               c_w.l(heapauxi.o)
    0x08000766   0x00000002   Code   RO         5069    .text               c_w.l(use_no_semi.o)
    0x08000768   0x00000016   Code   RO         5072    .text               c_w.l(_rserrno.o)
    0x0800077e   0x00000024   Code   RO         5074    .text               c_w.l(_printf_truncate.o)
    0x080007a2   0x000000b2   Code   RO         5076    .text               c_w.l(_printf_intcommon.o)
    0x08000854   0x00000028   Code   RO         5078    .text               c_w.l(_printf_charcount.o)
    0x0800087c   0x0000041a   Code   RO         5080    .text               c_w.l(_printf_fp_dec.o)
    0x08000c96   0x00000002   PAD
    0x08000c98   0x00000030   Code   RO         5082    .text               c_w.l(_printf_char_common.o)
    0x08000cc8   0x0000000a   Code   RO         5084    .text               c_w.l(_sputc.o)
    0x08000cd2   0x0000002c   Code   RO         5086    .text               c_w.l(_printf_char.o)
    0x08000cfe   0x00000002   PAD
    0x08000d00   0x00000024   Code   RO         5088    .text               c_w.l(_printf_char_file.o)
    0x08000d24   0x000000bc   Code   RO         5090    .text               c_w.l(_printf_wctomb.o)
    0x08000de0   0x0000007c   Code   RO         5093    .text               c_w.l(_printf_longlong_dec.o)
    0x08000e5c   0x00000070   Code   RO         5099    .text               c_w.l(_printf_oct_int_ll.o)
    0x08000ecc   0x00000094   Code   RO         5119    .text               c_w.l(_printf_hex_int_ll_ptr.o)
    0x08000f60   0x00000008   Code   RO         5194    .text               c_w.l(rt_locale_intlibspace.o)
    0x08000f68   0x00000008   Code   RO         5199    .text               c_w.l(rt_errno_addr_intlibspace.o)
    0x08000f70   0x0000008a   Code   RO         5201    .text               c_w.l(lludiv10.o)
    0x08000ffa   0x00000002   PAD
    0x08000ffc   0x000002fc   Code   RO         5203    .text               c_w.l(_printf_fp_hex.o)
    0x080012f8   0x00000080   Code   RO         5206    .text               c_w.l(_printf_fp_infnan.o)
    0x08001378   0x0000002c   Code   RO         5210    .text               c_w.l(_printf_wchar.o)
    0x080013a4   0x000000dc   Code   RO         5212    .text               c_w.l(bigflt0.o)
    0x08001480   0x00000008   Code   RO         5237    .text               c_w.l(ferror.o)
    0x08001488   0x00000040   Code   RO         5241    .text               c_w.l(_wcrtomb.o)
    0x080014c8   0x00000008   Code   RO         5258    .text               c_w.l(libspace.o)
    0x080014d0   0x0000004a   Code   RO         5261    .text               c_w.l(sys_stackheap_outer.o)
    0x0800151a   0x00000002   PAD
    0x0800151c   0x00000010   Code   RO         5263    .text               c_w.l(rt_ctype_table.o)
    0x0800152c   0x00000012   Code   RO         5265    .text               c_w.l(exit.o)
    0x0800153e   0x00000002   PAD
    0x08001540   0x00000068   Code   RO         5267    .text               c_w.l(strcmpv7m_pel.o)
    0x080015a8   0x0000003e   Code   RO         5215    CL$$btod_d2e        c_w.l(btod.o)
    0x080015e6   0x00000046   Code   RO         5217    CL$$btod_d2e_denorm_low  c_w.l(btod.o)
    0x0800162c   0x00000060   Code   RO         5216    CL$$btod_d2e_norm_op1  c_w.l(btod.o)
    0x0800168c   0x00000338   Code   RO         5225    CL$$btod_div_common  c_w.l(btod.o)
    0x080019c4   0x000000c6   Code   RO         5222    CL$$btod_e2e        c_w.l(btod.o)
    0x08001a8a   0x00000028   Code   RO         5219    CL$$btod_ediv       c_w.l(btod.o)
    0x08001ab2   0x00000028   Code   RO         5218    CL$$btod_emul       c_w.l(btod.o)
    0x08001ada   0x00000244   Code   RO         5224    CL$$btod_mult_common  c_w.l(btod.o)
    0x08001d1e   0x00000002   PAD
    0x08001d20   0x00000178   Code   RO         3374    i.ADC_Init          stm32f7xx_hal_adc.o
    0x08001e98   0x00000004   Code   RO          308    i.BusFault_Handler  stm32f7xx_it.o
    0x08001e9c   0x00000078   Code   RO         3691    i.Cache_Enable      sys.o
    0x08001f14   0x00000002   Code   RO         4198    i.ChargeTask        task.o
    0x08001f16   0x00000002   Code   RO          309    i.DebugMon_Handler  stm32f7xx_it.o
    0x08001f18   0x0000000a   Code   RO         4137    i.EXTI0_IRQHandler  exti.o
    0x08001f22   0x0000000c   Code   RO         4138    i.EXTI15_10_IRQHandler  exti.o
    0x08001f2e   0x0000000a   Code   RO         4139    i.EXTI2_IRQHandler  exti.o
    0x08001f38   0x0000000a   Code   RO         4140    i.EXTI3_IRQHandler  exti.o
    0x08001f42   0x00000002   PAD
    0x08001f44   0x000000e8   Code   RO         4141    i.EXTI_Init         exti.o
    0x0800202c   0x00000048   Code   RO         3109    i.FMC_NORSRAM_Extended_Timing_Init  stm32f7xx_ll_fmc.o
    0x08002074   0x00000080   Code   RO         3110    i.FMC_NORSRAM_Init  stm32f7xx_ll_fmc.o
    0x080020f4   0x0000005e   Code   RO         3111    i.FMC_NORSRAM_Timing_Init  stm32f7xx_ll_fmc.o
    0x08002152   0x00000038   Code   RO         4417    i.GPS_Analysis      gps.o
    0x0800218a   0x00000002   PAD
    0x0800218c   0x00000040   Code   RO         4199    i.GetVoiceMsg       task.o
    0x080021cc   0x00000214   Code   RO         4200    i.Get_ImageMsg      task.o
    0x080023e0   0x000000c0   Code   RO         4201    i.GpsTask           task.o
    0x080024a0   0x00000354   Code   RO         4202    i.Gps_Msg_Show      task.o
    0x080027f4   0x00000068   Code   RO         3385    i.HAL_ADC_Init      stm32f7xx_hal_adc.o
    0x0800285c   0x00000060   Code   RO         4287    i.HAL_ADC_MspInit   adc.o
    0x080028bc   0x00000028   Code   RO         1076    i.HAL_DMA_Abort_IT  stm32f7xx_hal_dma.o
    0x080028e4   0x00000178   Code   RO         4142    i.HAL_GPIO_EXTI_Callback  exti.o
    0x08002a5c   0x0000001c   Code   RO         1221    i.HAL_GPIO_EXTI_IRQHandler  stm32f7xx_hal_gpio.o
    0x08002a78   0x00000218   Code   RO         1222    i.HAL_GPIO_Init     stm32f7xx_hal_gpio.o
    0x08002c90   0x00000010   Code   RO         1224    i.HAL_GPIO_ReadPin  stm32f7xx_hal_gpio.o
    0x08002ca0   0x0000000c   Code   RO         1226    i.HAL_GPIO_WritePin  stm32f7xx_hal_gpio.o
    0x08002cac   0x0000000c   Code   RO          790    i.HAL_GetTick       stm32f7xx_hal.o
    0x08002cb8   0x00000010   Code   RO          791    i.HAL_IncTick       stm32f7xx_hal.o
    0x08002cc8   0x00000028   Code   RO          792    i.HAL_Init          stm32f7xx_hal.o
    0x08002cf0   0x00000028   Code   RO          793    i.HAL_InitTick      stm32f7xx_hal.o
    0x08002d18   0x0000005c   Code   RO          944    i.HAL_MPU_ConfigRegion  stm32f7xx_hal_cortex.o
    0x08002d74   0x00000002   Code   RO          795    i.HAL_MspInit       stm32f7xx_hal.o
    0x08002d76   0x0000001a   Code   RO          947    i.HAL_NVIC_EnableIRQ  stm32f7xx_hal_cortex.o
    0x08002d90   0x0000007c   Code   RO          953    i.HAL_NVIC_SetPriority  stm32f7xx_hal_cortex.o
    0x08002e0c   0x00000028   Code   RO          954    i.HAL_NVIC_SetPriorityGrouping  stm32f7xx_hal_cortex.o
    0x08002e34   0x00000090   Code   RO         1415    i.HAL_PWREx_EnableOverDrive  stm32f7xx_hal_pwr_ex.o
    0x08002ec4   0x000001b4   Code   RO         1502    i.HAL_RCC_ClockConfig  stm32f7xx_hal_rcc.o
    0x08003078   0x0000000c   Code   RO         1507    i.HAL_RCC_GetHCLKFreq  stm32f7xx_hal_rcc.o
    0x08003084   0x0000002c   Code   RO         1509    i.HAL_RCC_GetPCLK1Freq  stm32f7xx_hal_rcc.o
    0x080030b0   0x0000002c   Code   RO         1510    i.HAL_RCC_GetPCLK2Freq  stm32f7xx_hal_rcc.o
    0x080030dc   0x000000b4   Code   RO         1511    i.HAL_RCC_GetSysClockFreq  stm32f7xx_hal_rcc.o
    0x08003190   0x000004d0   Code   RO         1606    i.HAL_RCC_OscConfig  stm32f7xx_hal_rcc_ex.o
    0x08003660   0x00000058   Code   RO         3255    i.HAL_SRAM_Init     stm32f7xx_hal_sram.o
    0x080036b8   0x00000098   Code   RO         3890    i.HAL_SRAM_MspInit  lcd.o
    0x08003750   0x00000028   Code   RO          956    i.HAL_SYSTICK_CLKSourceConfig  stm32f7xx_hal_cortex.o
    0x08003778   0x00000034   Code   RO          958    i.HAL_SYSTICK_Config  stm32f7xx_hal_cortex.o
    0x080037ac   0x0000002e   Code   RO         2179    i.HAL_TIM_Base_Init  stm32f7xx_hal_tim.o
    0x080037da   0x00000002   PAD
    0x080037dc   0x00000044   Code   RO         4374    i.HAL_TIM_Base_MspInit  timer.o
    0x08003820   0x0000001e   Code   RO         2184    i.HAL_TIM_Base_Start_IT  stm32f7xx_hal_tim.o
    0x0800383e   0x00000002   Code   RO         1660    i.HAL_UART_ErrorCallback  stm32f7xx_hal_uart.o
    0x08003840   0x00000014   Code   RO         1662    i.HAL_UART_GetState  stm32f7xx_hal_uart.o
    0x08003854   0x0000015c   Code   RO         1663    i.HAL_UART_IRQHandler  stm32f7xx_hal_uart.o
    0x080039b0   0x00000078   Code   RO         1664    i.HAL_UART_Init     stm32f7xx_hal_uart.o
    0x08003a28   0x0000025c   Code   RO         3745    i.HAL_UART_MspInit  usart.o
    0x08003c84   0x00000112   Code   RO         1667    i.HAL_UART_Receive  stm32f7xx_hal_uart.o
    0x08003d96   0x000000c8   Code   RO         1669    i.HAL_UART_Receive_IT  stm32f7xx_hal_uart.o
    0x08003e5e   0x00000002   PAD
    0x08003e60   0x0000016c   Code   RO         3746    i.HAL_UART_RxCpltCallback  usart.o
    0x08003fcc   0x00000002   Code   RO         1675    i.HAL_UART_TxCpltCallback  stm32f7xx_hal_uart.o
    0x08003fce   0x00000004   Code   RO          310    i.HardFault_Handler  stm32f7xx_it.o
    0x08003fd2   0x00000002   PAD
    0x08003fd4   0x0000004c   Code   RO         4528    i.I2C_Init          xfs5152_i2c.o
    0x08004020   0x00000056   Code   RO         4530    i.I2C_SendDatas     xfs5152_i2c.o
    0x08004076   0x00000028   Code   RO         4531    i.I2C_Start         xfs5152_i2c.o
    0x0800409e   0x00000038   Code   RO         4532    i.I2C_Stop          xfs5152_i2c.o
    0x080040d6   0x00000002   PAD
    0x080040d8   0x000001ac   Code   RO         4203    i.InitTask          task.o
    0x08004284   0x00000034   Code   RO         3892    i.LCD_Clear         lcd.o
    0x080042b8   0x00000160   Code   RO         3896    i.LCD_Display_Dir   lcd.o
    0x08004418   0x00000108   Code   RO         3902    i.LCD_Fast_DrawPoint  lcd.o
    0x08004520   0x00002444   Code   RO         3904    i.LCD_Init          lcd.o
    0x08006964   0x00000084   Code   RO         3905    i.LCD_MPU_Config    lcd.o
    0x080069e8   0x00000016   Code   RO         3906    i.LCD_Pow           lcd.o
    0x080069fe   0x00000002   PAD
    0x08006a00   0x00000014   Code   RO         3907    i.LCD_RD_DATA       lcd.o
    0x08006a14   0x00000050   Code   RO         3910    i.LCD_SSD_BackLightSet  lcd.o
    0x08006a64   0x00000274   Code   RO         3911    i.LCD_Scan_Dir      lcd.o
    0x08006cd8   0x00000138   Code   RO         3912    i.LCD_SetCursor     lcd.o
    0x08006e10   0x0000013c   Code   RO         3914    i.LCD_ShowChar      lcd.o
    0x08006f4c   0x00000094   Code   RO         3915    i.LCD_ShowNum       lcd.o
    0x08006fe0   0x00000066   Code   RO         3916    i.LCD_ShowString    lcd.o
    0x08007046   0x000000be   Code   RO         3917    i.LCD_ShowxNum      lcd.o
    0x08007104   0x00000018   Code   RO         3918    i.LCD_WR_DATA       lcd.o
    0x0800711c   0x00000018   Code   RO         3919    i.LCD_WR_REG        lcd.o
    0x08007134   0x00000014   Code   RO         3921    i.LCD_WriteRAM_Prepare  lcd.o
    0x08007148   0x00000010   Code   RO         3922    i.LCD_WriteReg      lcd.o
    0x08007158   0x000000ac   Code   RO         4902    i.LED_Init          led.o
    0x08007204   0x00000044   Code   RO         4288    i.MY_ADC_Init       adc.o
    0x08007248   0x00000004   Code   RO          311    i.MemManage_Handler  stm32f7xx_it.o
    0x0800724c   0x00000134   Code   RO         4418    i.NMEA_BDGSV_Analysis  gps.o
    0x08007380   0x00000032   Code   RO         4419    i.NMEA_Comma_Pos    gps.o
    0x080073b2   0x00000002   PAD
    0x080073b4   0x00000068   Code   RO         4420    i.NMEA_GNGGA_Analysis  gps.o
    0x0800741c   0x000000b8   Code   RO         4421    i.NMEA_GNGSA_Analysis  gps.o
    0x080074d4   0x00000224   Code   RO         4422    i.NMEA_GNRMC_Analysis  gps.o
    0x080076f8   0x00000058   Code   RO         4423    i.NMEA_GNVTG_Analysis  gps.o
    0x08007750   0x0000012c   Code   RO         4424    i.NMEA_GPGSV_Analysis  gps.o
    0x0800787c   0x00000016   Code   RO         4425    i.NMEA_Pow          gps.o
    0x08007892   0x000000ea   Code   RO         4426    i.NMEA_Str2num      gps.o
    0x0800797c   0x00000002   Code   RO          312    i.NMI_Handler       stm32f7xx_it.o
    0x0800797e   0x00000002   PAD
    0x08007980   0x00000010   Code   RO          960    i.NVIC_GetPriorityGrouping  stm32f7xx_hal_cortex.o
    0x08007990   0x00000028   Code   RO          961    i.NVIC_SetPriority  stm32f7xx_hal_cortex.o
    0x080079b8   0x00000002   Code   RO          313    i.PendSV_Handler    stm32f7xx_it.o
    0x080079ba   0x00000002   PAD
    0x080079bc   0x00000090   Code   RO         4926    i.PowerInit         power.o
    0x08007a4c   0x0000009c   Code   RO         3694    i.SCB_EnableDCache  sys.o
    0x08007ae8   0x00000002   Code   RO          314    i.SVC_Handler       stm32f7xx_it.o
    0x08007aea   0x00000002   PAD
    0x08007aec   0x0000006c   Code   RO         4427    i.SkyTra_Cfg_Ack_Check  gps.o
    0x08007b58   0x00000050   Code   RO         4428    i.SkyTra_Cfg_Prt    gps.o
    0x08007ba8   0x00000040   Code   RO         4429    i.SkyTra_Cfg_Rate   gps.o
    0x08007be8   0x00000084   Code   RO         4430    i.SkyTra_Cfg_Tp     gps.o
    0x08007c6c   0x0000002c   Code   RO         4431    i.SkyTra_Send_Date  gps.o
    0x08007c98   0x0000028c   Code   RO         4204    i.SoundTask         task.o
    0x08007f24   0x000000b4   Code   RO         3695    i.Stm32_Clock_Init  sys.o
    0x08007fd8   0x00000008   Code   RO          315    i.SysTick_Handler   stm32f7xx_it.o
    0x08007fe0   0x00000064   Code   RO          609    i.SystemInit        system_stm32f7xx.o
    0x08008044   0x00000030   Code   RO         4375    i.TIM7_IRQHandler   timer.o
    0x08008074   0x0000002c   Code   RO         4376    i.TIM7_Int_Init     timer.o
    0x080080a0   0x000000e4   Code   RO         2263    i.TIM_Base_SetConfig  stm32f7xx_hal_tim.o
    0x08008184   0x00000050   Code   RO         3747    i.UART4_IRQHandler  usart.o
    0x080081d4   0x00000050   Code   RO         3748    i.UART5_IRQHandler  usart.o
    0x08008224   0x000000ea   Code   RO         1677    i.UART_AdvFeatureConfig  stm32f7xx_hal_uart.o
    0x0800830e   0x00000074   Code   RO         1678    i.UART_CheckIdleState  stm32f7xx_hal_uart.o
    0x08008382   0x00000018   Code   RO         1679    i.UART_DMAAbortOnError  stm32f7xx_hal_uart.o
    0x0800839a   0x00000020   Code   RO         1685    i.UART_EndRxTransfer  stm32f7xx_hal_uart.o
    0x080083ba   0x00000020   Code   RO         1686    i.UART_EndTransmit_IT  stm32f7xx_hal_uart.o
    0x080083da   0x00000088   Code   RO         1688    i.UART_Receive_IT   stm32f7xx_hal_uart.o
    0x08008462   0x00000002   PAD
    0x08008464   0x0000038c   Code   RO         1689    i.UART_SetConfig    stm32f7xx_hal_uart.o
    0x080087f0   0x0000006a   Code   RO         1690    i.UART_Transmit_IT  stm32f7xx_hal_uart.o
    0x0800885a   0x0000006c   Code   RO         1691    i.UART_WaitOnFlagUntilTimeout  stm32f7xx_hal_uart.o
    0x080088c6   0x00000002   PAD
    0x080088c8   0x000000a0   Code   RO         3749    i.USART1_IRQHandler  usart.o
    0x08008968   0x00000078   Code   RO         3750    i.USART3_IRQHandler  usart.o
    0x080089e0   0x00000004   Code   RO          316    i.UsageFault_Handler  stm32f7xx_it.o
    0x080089e4   0x000000dc   Code   RO         4205    i.VoiceTask         task.o
    0x08008ac0   0x000000c0   Code   RO         4533    i.WriteByte         xfs5152_i2c.o
    0x08008b80   0x0000007c   Code   RO         4589    i.XFS_Init          xfs5152.o
    0x08008bfc   0x0000003c   Code   RO         4590    i.XFS_Reset         xfs5152.o
    0x08008c38   0x00000078   Code   RO         4591    i.XFS_Speech        xfs5152.o
    0x08008cb0   0x00000014   Code   RO         4624    i.XFS_isBusy        xfs5152.o
    0x08008cc4   0x00000030   Code   RO         5254    i.__ARM_fpclassify  m_wv.l(fpclassify.o)
    0x08008cf4   0x00000004   PAD
    0x08008cf8   0x000000b0   Code   RO         5045    i.__hardfp_cos      m_wv.l(cos.o)
    0x08008da8   0x000000b0   Code   RO         5057    i.__hardfp_sin      m_wv.l(sin.o)
    0x08008e58   0x00000310   Code   RO         5165    i.__ieee754_rem_pio2  m_wv.l(rred.o)
    0x08009168   0x000000e0   Code   RO         5148    i.__kernel_cos      m_wv.l(cos_i.o)
    0x08009248   0x00000070   Code   RO         5256    i.__kernel_poly     m_wv.l(poly.o)
    0x080092b8   0x000000a8   Code   RO         5170    i.__kernel_sin      m_wv.l(sin_i.o)
    0x08009360   0x00000018   Code   RO         5154    i.__mathlib_dbl_invalid  m_wv.l(dunder.o)
    0x08009378   0x00000018   Code   RO         5157    i.__mathlib_dbl_underflow  m_wv.l(dunder.o)
    0x08009390   0x0000000e   Code   RO         5018    i._is_digit         c_w.l(__printf_wp.o)
    0x0800939e   0x00000004   Code   RO         3751    i._sys_exit         usart.o
    0x080093a2   0x00000002   PAD
    0x080093a4   0x00000014   Code   RO         3646    i.delay_init        delay.o
    0x080093b8   0x00000018   Code   RO         3647    i.delay_ms          delay.o
    0x080093d0   0x00000048   Code   RO         3648    i.delay_us          delay.o
    0x08009418   0x00000018   Code   RO         5250    i.fabs              m_wv.l(fabs.o)
    0x08009430   0x00000140   Code   RO         4206    i.fix_g             task.o
    0x08009570   0x0000001c   Code   RO         3752    i.fputc             usart.o
    0x0800958c   0x000000b8   Code   RO            4    i.main              main.o
    0x08009644   0x0000004c   Code   RO         4339    i.my_spi_init       spi.o
    0x08009690   0x00000038   Code   RO         3754    i.uart4_init        usart.o
    0x080096c8   0x00000038   Code   RO         3755    i.uart5_init        usart.o
    0x08009700   0x0000002c   Code   RO         3756    i.uart_init         usart.o
    0x0800972c   0x0000002c   Code   RO         3757    i.usart3_init       usart.o
    0x08009758   0x00000024   Code   RO         4953    i.wt931Init         wt931.o
    0x0800977c   0x00000470   Code   RO         4954    i.wt931_read        wt931.o
    0x08009bec   0x0000002c   Code   RO         5244    locale$$code        c_w.l(lc_numeric_c.o)
    0x08009c18   0x0000002c   Code   RO         5323    locale$$code        c_w.l(lc_ctype_c.o)
    0x08009c44   0x0000000a   Code   RO         5327    x$fpl$fpinit        fz_wv.l(fpinit.o)
    0x08009c4e   0x00000004   Code   RO         5043    x$fpl$printf1       fz_wv.l(printf1.o)
    0x08009c52   0x00000004   Code   RO         5141    x$fpl$printf2       fz_wv.l(printf2.o)
    0x08009c56   0x00000000   Code   RO         5147    x$fpl$usenofp       fz_wv.l(usenofp.o)
    0x08009c56   0x00000018   Data   RO          610    .constdata          system_stm32f7xx.o
    0x08009c6e   0x00004740   Data   RO         3926    .constdata          lcd.o
    0x0800e3ae   0x00000002   PAD
    0x0800e3b0   0x00000028   Data   RO         4534    .constdata          xfs5152_i2c.o
    0x0800e3d8   0x00000028   Data   RO         4593    .constdata          xfs5152.o
    0x0800e400   0x00000011   Data   RO         5026    .constdata          c_w.l(__printf_flags_ss_wp.o)
    0x0800e411   0x00000003   PAD
    0x0800e414   0x00000008   Data   RO         5091    .constdata          c_w.l(_printf_wctomb.o)
    0x0800e41c   0x00000028   Data   RO         5120    .constdata          c_w.l(_printf_hex_int_ll_ptr.o)
    0x0800e444   0x00000004   PAD
    0x0800e448   0x00000030   Data   RO         5149    .constdata          m_wv.l(cos_i.o)
    0x0800e478   0x000000c8   Data   RO         5167    .constdata          m_wv.l(rred.o)
    0x0800e540   0x00000028   Data   RO         5171    .constdata          m_wv.l(sin_i.o)
    0x0800e568   0x00000026   Data   RO         5204    .constdata          c_w.l(_printf_fp_hex.o)
    0x0800e58e   0x00000002   PAD
    0x0800e590   0x00000094   Data   RO         5213    .constdata          c_w.l(bigflt0.o)
    0x0800e624   0x00000015   Data   RO         4209    .conststring        task.o
    0x0800e639   0x00000003   PAD
    0x0800e63c   0x00000020   Data   RO         5398    Region$$Table       anon$$obj.o
    0x0800e65c   0x0000001c   Data   RO         5243    locale$$data        c_w.l(lc_numeric_c.o)
    0x0800e678   0x00000110   Data   RO         5322    locale$$data        c_w.l(lc_ctype_c.o)


    Execution Region RW_IRAM1 (Base: 0x20020000, Size: 0x0002e410, Max: 0x00060000, ABSOLUTE, COMPRESSED[0x0000bf24])

    Base Addr    Size         Type   Attr      Idx    E Section Name        Object

    0x20020000   0x00000004   Data   RW          611    .data               system_stm32f7xx.o
    0x20020004   0x00000004   Data   RW          798    .data               stm32f7xx_hal.o
    0x20020008   0x00000004   Data   RW         3649    .data               delay.o
    0x2002000c   0x0000000f   Data   RW         3759    .data               usart.o
    0x2002001b   0x00000001   PAD
    0x2002001c   0x00000008   Data   RW         3927    .data               lcd.o
    0x20020024   0x00000002   Data   RW         4143    .data               exti.o
    0x20020026   0x00000002   PAD
    0x20020028   0x0001e0c4   Data   RW         4210    .data               task.o
    0x2003e0ec   0x00000021   Data   RW         4594    .data               xfs5152.o
    0x2003e10d   0x00000003   PAD
    0x2003e110   0x00000a58   Zero   RW         3758    .bss                usart.o
    0x2003eb68   0x0000005a   Zero   RW         3925    .bss                lcd.o
    0x2003ebc2   0x00000002   PAD
    0x2003ebc4   0x0000042e   Zero   RW         4207    .bss                task.o
    0x2003eff2   0x00000002   PAD
    0x2003eff4   0x00000048   Zero   RW         4289    .bss                adc.o
    0x2003f03c   0x0000003c   Zero   RW         4377    .bss                timer.o
    0x2003f078   0x00000100   Zero   RW         4592    .bss                xfs5152.o
    0x2003f178   0x00000038   Zero   RW         4955    .bss                wt931.o
    0x2003f1b0   0x00000060   Zero   RW         5259    .bss                c_w.l(libspace.o)
    0x2003f210   0x00000200   Zero   RW          764    HEAP                startup_stm32f767xx.o
    0x2003f410   0x0000f000   Zero   RW          763    STACK               startup_stm32f767xx.o


==============================================================================

Image component sizes


      Code (inc. data)   RO Data    RW Data    ZI Data      Debug   Object Name

       164         22          0          0         72       1859   adc.o
       116          8          0          4          0       2939   delay.o
       650         52          0          2          0       4029   exti.o
      2322         84          0          0          0      11963   gps.o
     12138        176      18240          8         90      28503   lcd.o
       172         12          0          0          0        991   led.o
       184         14          0          0          0     292627   main.o
       144         14          0          0          0       1000   power.o
        76          8          0          0          0        926   spi.o
        64         26        504          0      61952        848   startup_stm32f767xx.o
       110         20          0          4          0       3949   stm32f7xx_hal.o
       480         18          0          0          0       1891   stm32f7xx_hal_adc.o
       430         26          0          0          0      37728   stm32f7xx_hal_cortex.o
        40          0          0          0          0       1211   stm32f7xx_hal_dma.o
       592         56          0          0          0       3910   stm32f7xx_hal_gpio.o
       144          8          0          0          0       1340   stm32f7xx_hal_pwr_ex.o
       716         50          0          0          0       4232   stm32f7xx_hal_rcc.o
      1232         12          0          0          0       1908   stm32f7xx_hal_rcc_ex.o
        88          0          0          0          0       1272   stm32f7xx_hal_sram.o
       304         44          0          0          0       2621   stm32f7xx_hal_tim.o
      2662         54          0          0          0      13127   stm32f7xx_hal_uart.o
        32          0          0          0          0     452478   stm32f7xx_it.o
       294         10          0          0          0       2920   stm32f7xx_ll_fmc.o
       456         26          0          0          0      34137   sys.o
       100         18         24          4          0       1179   system_stm32f7xx.o
      3262        894         21     123076       1070       9942   task.o
       160         30          0          0         60       2456   timer.o
      1640        184          0         15       2648      10899   usart.o
      1172         46          0          0         56       3885   wt931.o
       324         50         40         33        256     244255   xfs5152.o
       450          8         40          0          0       8082   xfs5152_i2c.o

    ----------------------------------------------------------------------
     30746       1970      18906     123152      66208    1189107   Object Totals
         0          0         32          0          0          0   (incl. Generated)
        28          0          5          6          4          0   (incl. Padding)

    ----------------------------------------------------------------------

      Code (inc. data)   RO Data    RW Data    ZI Data      Debug   Library Member Name

        24          4          0          0          0         84   __2printf.o
        44          6          0          0          0         84   __2sprintf.o
       100          0          0          0          0          0   __dclz77c.o
         8          0          0          0          0         68   __main.o
       392          4         17          0          0         92   __printf_flags_ss_wp.o
        14          0          0          0          0         68   __printf_wp.o
         0          0          0          0          0          0   __rtentry.o
        12          0          0          0          0          0   __rtentry2.o
         6          0          0          0          0          0   __rtentry4.o
        52          8          0          0          0          0   __scatter.o
        28          0          0          0          0          0   __scatter_zi.o
         6          0          0          0          0          0   _printf_a.o
         6          0          0          0          0          0   _printf_c.o
        44          0          0          0          0        108   _printf_char.o
        48          6          0          0          0         96   _printf_char_common.o
        36          4          0          0          0         80   _printf_char_file.o
        40          0          0          0          0         68   _printf_charcount.o
         6          0          0          0          0          0   _printf_d.o
       120         16          0          0          0         92   _printf_dec.o
         6          0          0          0          0          0   _printf_e.o
         6          0          0          0          0          0   _printf_f.o
      1050          0          0          0          0        216   _printf_fp_dec.o
       764          8         38          0          0        100   _printf_fp_hex.o
       128         16          0          0          0         84   _printf_fp_infnan.o
         6          0          0          0          0          0   _printf_g.o
       148          4         40          0          0        160   _printf_hex_int_ll_ptr.o
         6          0          0          0          0          0   _printf_i.o
       178          0          0          0          0         88   _printf_intcommon.o
        10          0          0          0          0          0   _printf_l.o
         6          0          0          0          0          0   _printf_lc.o
        10          0          0          0          0          0   _printf_ll.o
         6          0          0          0          0          0   _printf_lld.o
         6          0          0          0          0          0   _printf_lli.o
         6          0          0          0          0          0   _printf_llo.o
         6          0          0          0          0          0   _printf_llu.o
         6          0          0          0          0          0   _printf_llx.o
       124         16          0          0          0         92   _printf_longlong_dec.o
         6          0          0          0          0          0   _printf_ls.o
         6          0          0          0          0          0   _printf_n.o
         6          0          0          0          0          0   _printf_o.o
       112         10          0          0          0        124   _printf_oct_int_ll.o
         6          0          0          0          0          0   _printf_p.o
        78          0          0          0          0        108   _printf_pad.o
         0          0          0          0          0          0   _printf_percent.o
         4          0          0          0          0          0   _printf_percent_end.o
         6          0          0          0          0          0   _printf_s.o
        82          0          0          0          0         80   _printf_str.o
        36          0          0          0          0         84   _printf_truncate.o
         6          0          0          0          0          0   _printf_u.o
        44          0          0          0          0        108   _printf_wchar.o
       188          6          8          0          0         92   _printf_wctomb.o
         6          0          0          0          0          0   _printf_x.o
        22          0          0          0          0        100   _rserrno.o
        10          0          0          0          0         68   _sputc.o
        64          0          0          0          0         92   _wcrtomb.o
       220          4        148          0          0         96   bigflt0.o
      1910        128          0          0          0        672   btod.o
        18          0          0          0          0         80   exit.o
         8          0          0          0          0         68   ferror.o
         6          0          0          0          0        152   heapauxi.o
        44         10        272          0          0         76   lc_ctype_c.o
        44         10         28          0          0         76   lc_numeric_c.o
         2          0          0          0          0          0   libinit.o
        34          0          0          0          0          0   libinit2.o
         2          0          0          0          0          0   libshutdown.o
         2          0          0          0          0          0   libshutdown2.o
         8          4          0          0         96         68   libspace.o
       138          0          0          0          0         80   lludiv10.o
        16          4          0          0          0         76   rt_ctype_table.o
         8          4          0          0          0         68   rt_errno_addr_intlibspace.o
         8          4          0          0          0         68   rt_locale_intlibspace.o
       100          0          0          0          0         80   rt_memcpy_w.o
         2          0          0          0          0          0   rtexit.o
        10          0          0          0          0          0   rtexit2.o
       104          0          0          0          0         68   strcmpv7m_pel.o
        36          0          0          0          0         80   strstr.o
        74          0          0          0          0         80   sys_stackheap_outer.o
         2          0          0          0          0         68   use_no_semi.o
         2          0          0          0          0         68   use_no_semi_2.o
        36          4          0          0          0         76   vsprintf.o
        10          0          0          0          0        116   fpinit.o
         4          0          0          0          0        116   printf1.o
         4          0          0          0          0        116   printf2.o
         0          0          0          0          0          0   usenofp.o
       176         18          0          0          0        156   cos.o
       224         42         48          0          0        184   cos_i.o
        48         28          0          0          0        232   dunder.o
        24          0          0          0          0        124   fabs.o
        48          0          0          0          0        124   fpclassify.o
       112          0          0          0          0        116   poly.o
       784        138        200          0          0        172   rred.o
       176         18          0          0          0        160   sin.o
       168         24         40          0          0        196   sin_i.o

    ----------------------------------------------------------------------
      8772        548        848          0         96       6348   Library Totals
        20          0          9          0          0          0   (incl. Padding)

    ----------------------------------------------------------------------

      Code (inc. data)   RO Data    RW Data    ZI Data      Debug   Library Name

      6974        280        551          0         96       4536   c_w.l
        18          0          0          0          0        348   fz_wv.l
      1760        268        288          0          0       1464   m_wv.l

    ----------------------------------------------------------------------
      8772        548        848          0         96       6348   Library Totals

    ----------------------------------------------------------------------

==============================================================================


      Code (inc. data)   RO Data    RW Data    ZI Data      Debug   

     39518       2518      19754     123152      66304    1178059   Grand Totals
     39518       2518      19754      48932      66304    1178059   ELF Image Totals (compressed)
     39518       2518      19754      48932          0          0   ROM Totals

==============================================================================

    Total RO  Size (Code + RO Data)                59272 (  57.88kB)
    Total RW  Size (RW Data + ZI Data)            189456 ( 185.02kB)
    Total ROM Size (Code + RO Data + RW Data)     108204 ( 105.67kB)

==============================================================================

